// Jest Snapshot v1, https://goo.gl/fbAQLP

exports[`search should return task by query 1`] = `
Array [
  Object {
    "description": "Ut sed et fugiat voluptas rerum nobis non. Corporis et eum et.",
    "dueDate": "2020-08-15T23:01:26.996Z",
    "id": "298feecc-b333-4b81-87a9-db48e8667da2",
    "isCompleted": false,
    "labels": Array [
      "engineer",
    ],
    "priority": "LOW",
    "title": "sit eiusmod",
  },
  Object {
    "description": "Cum et vitae sapiente est voluptatem esse aut. Quia enim et earum vel quas veniam ut culpa est.",
    "dueDate": "2022-07-01T22:08:41.259Z",
    "id": "45fc61b0-b56e-436f-8167-93541dc56163",
    "isCompleted": true,
    "labels": Array [
      "reintermediate",
      "exploit",
      "facilitate",
      "redefine",
      "deploy",
    ],
    "priority": "LOW",
    "title": "consequat enim",
  },
  Object {
    "description": "Officiis et ducimus labore aut illo non hic autem et. Quia explicabo aut. Ipsam eum natus voluptas nemo sunt deleniti.",
    "dueDate": "2024-11-08T03:03:40.743Z",
    "id": "2d412e05-2972-4802-bb68-09f533dcb5c8",
    "isCompleted": true,
    "labels": Array [
      "maximize",
    ],
    "priority": "LOW",
    "title": "elit",
  },
  Object {
    "description": "Beatae cum et voluptatibus expedita vel veritatis. In ratione explicabo sit error in aliquid tempore assumenda quis.",
    "dueDate": "2021-06-16T07:32:02.874Z",
    "id": "c4b1b842-bf79-4709-82ae-890599ca8dd8",
    "isCompleted": true,
    "labels": Array [
      "monetize",
      "visualize",
      "empower",
      "envisioneer",
      "morph",
    ],
    "priority": "MEDIUM",
    "title": "minim",
  },
  Object {
    "description": "Voluptates nihil hic est.",
    "dueDate": "2020-09-14T14:50:23.864Z",
    "id": "7e75f365-df25-4829-9908-ac5241324943",
    "isCompleted": false,
    "labels": Array [
      "syndicate",
      "scale",
      "optimize",
    ],
    "priority": "HIGH",
    "title": "magna nisi amet",
  },
  Object {
    "description": "Dolore qui quae laborum et deserunt sed ut. Iusto non iste dignissimos. Qui tempore aut autem eos eligendi. Nisi vero natus occaecati qui earum repellendus in.",
    "dueDate": "2021-11-23T20:52:00.687Z",
    "id": "85066a39-7fcf-46c2-98f2-4d1a1008471d",
    "isCompleted": false,
    "labels": Array [
      "embrace",
      "generate",
    ],
    "title": "dolore tempor exercitation",
  },
  Object {
    "description": "Veniam facilis blanditiis autem omnis illo dolores et. Nesciunt suscipit recusandae eos debitis occaecati ullam pariatur sit quaerat.",
    "dueDate": "2028-08-02T19:12:47.057Z",
    "id": "93ae3d5b-cc58-4d23-8bb1-2dca1ff0a2e0",
    "isCompleted": false,
    "labels": Array [
      "empower",
      "utilize",
      "brand",
      "generate",
    ],
    "title": "dolor adipisicing in do",
  },
  Object {
    "description": "Vitae porro modi.",
    "dueDate": "2025-07-12T06:43:48.030Z",
    "id": "66d7239a-5565-47cb-9283-3accea7ef28e",
    "isCompleted": false,
    "labels": Array [
      "aggregate",
    ],
    "title": "elit laborum",
  },
  Object {
    "description": "Voluptatem nostrum accusamus qui numquam cumque nesciunt.",
    "dueDate": "2021-06-24T03:53:44.462Z",
    "id": "f61f1090-f124-4e46-a7ba-bb648594de6a",
    "isCompleted": false,
    "labels": Array [
      "iterate",
      "empower",
      "engineer",
    ],
    "title": "quis",
  },
  Object {
    "description": "Eveniet tenetur veniam enim blanditiis dolores sint error quia. Tenetur expedita rerum quidem. Nobis sunt minus eum at dolore fuga corrupti.",
    "dueDate": "2025-01-11T03:41:15.831Z",
    "id": "8c13e590-d7bf-4126-962f-8155bfdf11f3",
    "isCompleted": false,
    "labels": Array [
      "deliver",
      "optimize",
    ],
    "priority": "LOW",
    "title": "quis",
  },
  Object {
    "description": "Nam nemo nihil et.",
    "dueDate": "2029-03-16T17:57:22.817Z",
    "id": "a6ca47fe-845e-478e-89ca-7d3135ec8bff",
    "isCompleted": true,
    "labels": Array [
      "facilitate",
      "strategize",
      "integrate",
    ],
    "title": "et adipisicing culpa Lorem",
  },
  Object {
    "dueDate": "2028-10-01T13:28:59.838Z",
    "id": "246c355d-80a8-4132-a57a-3d48dd86a5c5",
    "isCompleted": true,
    "labels": Array [
      "transition",
    ],
    "title": "ex reprehenderit ut Excepteur velit",
  },
  Object {
    "description": "Facilis est eos provident occaecati nisi voluptatem. Eos sit blanditiis modi.",
    "dueDate": "2024-10-14T04:55:26.342Z",
    "id": "9b0f93db-6666-4942-9a12-7c9b407f7daa",
    "isCompleted": true,
    "labels": Array [
      "engage",
      "repurpose",
      "matrix",
    ],
    "priority": "HIGH",
    "title": "minim incididunt irure",
  },
  Object {
    "description": "Quo reiciendis ut vero sit reprehenderit magni earum. Qui cum numquam enim et dignissimos nihil aut nobis. Ut minus facilis.",
    "dueDate": "2023-12-24T03:18:33.674Z",
    "id": "183a8708-56a2-4ffd-8e90-01ec19c60ac2",
    "isCompleted": false,
    "labels": Array [
      "generate",
      "architect",
      "deploy",
      "redefine",
    ],
    "priority": "LOW",
    "title": "ad laborum",
  },
  Object {
    "description": "Animi natus cumque cupiditate odit hic ullam molestiae ut. Officiis numquam rerum.",
    "dueDate": "2026-06-30T15:57:18.669Z",
    "id": "433c3ea5-181c-426e-bd0f-afa02da58c2f",
    "isCompleted": false,
    "labels": Array [
      "aggregate",
      "repurpose",
    ],
    "priority": "LOW",
    "title": "officia fugiat cupidatat sint irure",
  },
  Object {
    "description": "Aut rem fuga. Odio rerum nihil ullam quis itaque accusamus officia minima. Voluptatem explicabo sint. Et possimus ad eos cupiditate quis aut.",
    "dueDate": "2023-01-18T22:52:45.358Z",
    "id": "874ef2da-5cfd-4f16-aa96-a40164b42692",
    "isCompleted": true,
    "labels": Array [
      "utilize",
    ],
    "priority": "HIGH",
    "title": "consectetur sed",
  },
  Object {
    "description": "Numquam ut consequatur corporis.",
    "dueDate": "2020-11-27T10:52:09.423Z",
    "id": "19c2baa5-fb93-4da6-b27a-4c5234958d80",
    "isCompleted": false,
    "labels": Array [
      "visualize",
      "drive",
      "utilize",
      "empower",
    ],
    "priority": "MEDIUM",
    "title": "qui tempor magna veniam",
  },
  Object {
    "dueDate": "2027-02-07T22:10:40.372Z",
    "id": "9b4a90fa-c974-4608-ac89-bfddef30307e",
    "isCompleted": false,
    "labels": Array [
      "envisioneer",
      "iterate",
      "transform",
      "whiteboard",
    ],
    "title": "fugiat",
  },
  Object {
    "description": "Nihil eos ipsam vel.",
    "dueDate": "2025-03-29T06:19:33.158Z",
    "id": "2daf5412-258b-4436-9fe1-c4fa1e7ae772",
    "isCompleted": true,
    "labels": Array [
      "visualize",
      "facilitate",
      "leverage",
      "matrix",
    ],
    "title": "ea magna",
  },
  Object {
    "description": "Id voluptas quidem veniam adipisci autem accusamus. Quis necessitatibus quis itaque natus et vero. Est aut cumque praesentium numquam voluptates.",
    "dueDate": "2022-10-31T19:06:50.219Z",
    "id": "2546be18-f247-488c-8395-4346db6b8297",
    "isCompleted": true,
    "labels": Array [
      "benchmark",
    ],
    "title": "velit laborum ex",
  },
  Object {
    "description": "Hic soluta et velit sunt nostrum enim fugiat odio adipisci.",
    "dueDate": "2027-11-17T21:31:46.043Z",
    "id": "f0c171a0-4e64-4df9-b84d-fdd0262ea81b",
    "isCompleted": false,
    "labels": Array [
      "engage",
      "recontextualize",
      "streamline",
      "architect",
    ],
    "priority": "HIGH",
    "title": "laborum",
  },
  Object {
    "dueDate": "2020-10-17T10:08:38.133Z",
    "id": "9f8afac6-882c-4e03-8a0e-73f35ddd25f4",
    "isCompleted": false,
    "labels": Array [
      "incubate",
      "embrace",
      "monetize",
      "recontextualize",
    ],
    "title": "esse irure minim",
  },
  Object {
    "description": "Est dolorem culpa error quibusdam molestiae rerum. Maxime quam qui laudantium sunt. Qui omnis doloremque et autem officiis ea delectus. Aperiam minima alias nemo magnam sed odit eaque consequatur hic.",
    "dueDate": "2023-03-06T15:22:22.090Z",
    "id": "842c930a-1d35-4706-91aa-72e28df3a3d8",
    "isCompleted": true,
    "labels": Array [
      "expedite",
      "facilitate",
      "syndicate",
    ],
    "priority": "HIGH",
    "title": "laboris voluptate aliquip ad in",
  },
  Object {
    "description": "Quae magnam vero saepe reiciendis repellendus laborum quos. Fugiat qui incidunt error dolorum qui. Ullam sint ipsam.",
    "dueDate": "2021-12-21T09:17:25.609Z",
    "id": "41d0a6f7-1bf9-4dd0-a8d1-9286f26e81b9",
    "isCompleted": true,
    "labels": Array [
      "target",
      "orchestrate",
      "strategize",
      "engage",
    ],
    "priority": "HIGH",
    "title": "laborum veniam",
  },
  Object {
    "description": "Est repellendus qui voluptatem et magni corrupti. Ab nam nam mollitia rem laborum.",
    "dueDate": "2027-11-17T01:12:02.174Z",
    "id": "e7f40f61-a296-4f4a-a91e-ae8d460bef93",
    "isCompleted": true,
    "labels": Array [
      "exploit",
      "target",
      "synthesize",
      "unleash",
    ],
    "priority": "LOW",
    "title": "enim aliquip Duis eiusmod velit",
  },
  Object {
    "description": "Minima nulla omnis. Libero sed omnis et ut mollitia voluptates. Exercitationem quo dolor culpa libero. Iusto et sit veritatis aut facilis consequuntur quisquam non.",
    "dueDate": "2028-11-10T23:32:28.552Z",
    "id": "2359a831-456f-4397-98bb-e15a3c16d38e",
    "isCompleted": true,
    "labels": Array [
      "innovate",
    ],
    "priority": "HIGH",
    "title": "sunt sed",
  },
  Object {
    "description": "Est quidem eius rerum debitis quae quidem sed aut debitis. Qui omnis totam porro modi quas corrupti molestiae odio magnam. Quo quidem asperiores quibusdam sint dolor ipsam quam.",
    "dueDate": "2029-12-16T23:04:27.650Z",
    "id": "f21227a4-cd46-43ac-9549-b66545ef9d73",
    "isCompleted": true,
    "labels": Array [
      "leverage",
    ],
    "priority": "MEDIUM",
    "title": "veniam sint consequat in",
  },
  Object {
    "description": "Est eum quis aspernatur voluptatem. Doloribus optio et. Rem qui aut. Molestiae atque sint quasi quas assumenda quia voluptatum.",
    "dueDate": "2021-01-15T00:42:49.531Z",
    "id": "584af3ee-3111-4fe6-b32d-fd08114fb0bd",
    "isCompleted": false,
    "labels": Array [
      "extend",
      "disintermediate",
      "deliver",
      "productize",
      "engage",
    ],
    "title": "ullamco",
  },
  Object {
    "description": "Fuga debitis eos occaecati ipsa deserunt.",
    "dueDate": "2026-11-20T19:21:38.429Z",
    "id": "d1b1703c-0bd6-4a22-b19e-c4e41948a423",
    "isCompleted": true,
    "labels": Array [
      "scale",
      "e-enable",
      "extend",
      "empower",
      "monetize",
    ],
    "priority": "MEDIUM",
    "title": "Finn ut hva man kan prate om på 10 minutter",
  },
  Object {
    "description": "Rerum error nostrum saepe qui magnam perferendis. Debitis libero veritatis autem minus. Asperiores quis et cum. Et mollitia nam fuga.",
    "dueDate": "2023-01-24T03:58:18.671Z",
    "id": "1570764d-f2e6-47c1-8364-77d51c77bd9f",
    "isCompleted": true,
    "labels": Array [
      "evolve",
      "architect",
      "scale",
      "maximize",
      "synthesize",
    ],
    "title": "non mollit",
  },
  Object {
    "description": "Assumenda temporibus modi omnis et et magni porro animi iure.",
    "dueDate": "2020-01-26T01:10:40.849Z",
    "id": "9ab23627-7afc-4fb3-9785-d0d7054aea98",
    "isCompleted": true,
    "labels": Array [
      "enable",
      "streamline",
      "optimize",
      "generate",
    ],
    "priority": "MEDIUM",
    "title": "culpa ullamco labore",
  },
  Object {
    "description": "Blanditiis quaerat quo pariatur non. Quo nihil quidem tempore architecto vel nam quia blanditiis.",
    "dueDate": "2023-09-06T17:54:33.750Z",
    "id": "334d83a9-e7b7-463e-93a0-c9b0cd399ac0",
    "isCompleted": true,
    "labels": Array [
      "target",
      "productize",
      "benchmark",
      "syndicate",
    ],
    "title": "in id est aute",
  },
  Object {
    "description": "Aut ut consequuntur ea temporibus quia eos. Repellendus optio ad fugit ab impedit voluptatem hic rem. Eum quos sit est laborum velit. Consequatur culpa ipsam nobis.",
    "dueDate": "2020-03-17T10:35:38.353Z",
    "id": "786db5aa-5d5a-4c0c-8e25-c66276433d29",
    "isCompleted": false,
    "labels": Array [
      "synergize",
    ],
    "priority": "LOW",
    "title": "Ut sit elit",
  },
  Object {
    "description": "Sunt non explicabo occaecati rerum nesciunt.",
    "dueDate": "2021-03-16T15:45:23.175Z",
    "id": "7dc94865-0456-4bad-a487-a49d94a8d215",
    "isCompleted": true,
    "labels": Array [
      "unleash",
      "e-enable",
      "enhance",
      "leverage",
    ],
    "title": "consequat dolor dolore magna",
  },
  Object {
    "description": "Vero distinctio quisquam. Animi et et ea est. Repudiandae illo quaerat doloribus dolorem aut impedit molestiae quia.",
    "dueDate": "2024-02-19T13:55:11.123Z",
    "id": "ac57f9a3-8d39-40da-bafe-44a42f0bafdc",
    "isCompleted": true,
    "labels": Array [
      "optimize",
      "strategize",
    ],
    "priority": "LOW",
    "title": "cillum proident velit occaecat esse",
  },
  Object {
    "description": "Ipsum magni modi beatae sunt officia.",
    "dueDate": "2029-03-24T05:23:13.622Z",
    "id": "173c9125-909e-49b4-ad7f-149de4f57cd2",
    "isCompleted": true,
    "labels": Array [
      "drive",
      "streamline",
    ],
    "priority": "LOW",
    "title": "qui commodo",
  },
  Object {
    "description": "Qui facilis autem odit nihil quia ut aut consectetur fuga. Incidunt eaque at rerum. A nesciunt aut aliquid architecto aut esse facere voluptas magnam.",
    "dueDate": "2029-11-10T14:51:28.309Z",
    "id": "40b7589c-2727-4ead-8eb7-21b41e1605c4",
    "isCompleted": false,
    "labels": Array [
      "transition",
    ],
    "priority": "LOW",
    "title": "voluptate labore in eiusmod pariatur",
  },
  Object {
    "description": "Et sed praesentium eius. Et perspiciatis sed numquam. Necessitatibus voluptatem illo. Fugiat consequatur velit et id ut quaerat ut.",
    "dueDate": "2025-10-16T12:18:43.248Z",
    "id": "b166f5e2-4be2-4dd7-b613-a9a985aaeac8",
    "isCompleted": false,
    "labels": Array [
      "expedite",
      "transition",
      "strategize",
    ],
    "priority": "MEDIUM",
    "title": "enim labore nisi",
  },
  Object {
    "description": "Ab dolorem quo sequi soluta cumque et. Non alias qui voluptas non aut laborum earum id ut. Assumenda quia cupiditate.",
    "dueDate": "2027-03-06T04:08:29.163Z",
    "id": "24c1c17a-b915-4136-a3ad-8d7224177141",
    "isCompleted": false,
    "labels": Array [
      "unleash",
      "grow",
    ],
    "priority": "HIGH",
    "title": "veniam",
  },
  Object {
    "description": "Et molestiae modi laborum.",
    "dueDate": "2024-03-17T07:53:59.988Z",
    "id": "768212e2-79a1-4133-b331-ce9564922d73",
    "isCompleted": false,
    "labels": Array [
      "redefine",
      "aggregate",
      "strategize",
    ],
    "priority": "MEDIUM",
    "title": "Duis",
  },
  Object {
    "description": "Qui aut blanditiis laudantium sed et voluptatem vel. Velit voluptas dolorem. Aut corrupti consequatur laborum aut incidunt neque sint et.",
    "dueDate": "2020-04-14T03:20:26.910Z",
    "id": "4cb8e046-2db8-47b1-9681-cfae2fedc0d2",
    "isCompleted": true,
    "labels": Array [
      "whiteboard",
    ],
    "priority": "LOW",
    "title": "et",
  },
  Object {
    "dueDate": "2027-09-18T09:09:11.484Z",
    "id": "6c510dc1-2e6f-449c-b55f-8fd82a896ade",
    "isCompleted": false,
    "labels": Array [
      "embrace",
      "seize",
      "e-enable",
    ],
    "title": "officia amet",
  },
  Object {
    "description": "Non sint quia quidem assumenda et iure libero. Sit et tenetur praesentium voluptatem earum. Illum id illo numquam sit dolores tenetur.",
    "dueDate": "2020-02-07T04:36:09.556Z",
    "id": "1ec33f76-d8fc-450c-a766-01b3c4966e3a",
    "isCompleted": false,
    "labels": Array [
      "reinvent",
      "morph",
      "whiteboard",
      "exploit",
      "target",
    ],
    "priority": "HIGH",
    "title": "nisi quis et",
  },
  Object {
    "description": "Et excepturi adipisci saepe occaecati voluptas architecto et sint.",
    "dueDate": "2029-04-08T00:41:24.745Z",
    "id": "b8f48e67-3b87-4a58-82c2-bc1371a27ee9",
    "isCompleted": true,
    "labels": Array [
      "innovate",
      "drive",
      "evolve",
    ],
    "priority": "LOW",
    "title": "tempor laboris",
  },
  Object {
    "dueDate": "2028-04-24T01:13:09.375Z",
    "id": "75455549-c21e-4362-b2f2-97d03c1f6253",
    "isCompleted": true,
    "labels": Array [
      "transform",
      "productize",
    ],
    "title": "incididunt proident in",
  },
  Object {
    "dueDate": "2023-01-08T17:35:27.908Z",
    "id": "ac2795f6-f8e5-43a2-869b-5577c7003e81",
    "isCompleted": true,
    "labels": Array [
      "benchmark",
    ],
    "title": "amet in",
  },
  Object {
    "description": "Occaecati ut facilis enim.",
    "dueDate": "2027-08-30T08:12:59.748Z",
    "id": "ea84c685-1910-4756-9e32-fa9e568e52e1",
    "isCompleted": false,
    "labels": Array [
      "benchmark",
    ],
    "priority": "MEDIUM",
    "title": "reprehenderit",
  },
  Object {
    "description": "Dolorem sed laborum maiores labore aliquam nihil qui aliquid.",
    "dueDate": "2029-11-19T17:51:04.337Z",
    "id": "1ed567a9-f031-40a0-abee-677698dd7a33",
    "isCompleted": false,
    "labels": Array [
      "synergize",
      "drive",
      "aggregate",
    ],
    "title": "dolor ullamco est",
  },
  Object {
    "description": "Perspiciatis quas aut ea. Temporibus occaecati velit esse.",
    "dueDate": "2020-08-31T12:27:15.071Z",
    "id": "d1a53cfb-13a4-4502-b4e3-604d3fcda3fa",
    "isCompleted": false,
    "labels": Array [
      "productize",
      "empower",
      "optimize",
      "scale",
      "leverage",
    ],
    "priority": "HIGH",
    "title": "reprehenderit",
  },
  Object {
    "description": "Voluptas id error. Dicta aut qui qui vel.",
    "dueDate": "2025-09-09T13:41:43.041Z",
    "id": "071c7b80-6b4d-462c-8c4a-4fa613a7e8b6",
    "isCompleted": true,
    "labels": Array [
      "deploy",
      "leverage",
    ],
    "priority": "HIGH",
    "title": "reprehenderit culpa veniam ea",
  },
  Object {
    "description": "Iure tenetur sed. Vero mollitia et ea iste est est. Et tempore veniam ut corrupti cumque in qui exercitationem. Est tempore dolor.",
    "dueDate": "2020-04-22T06:03:46.900Z",
    "id": "3f303bf9-79ca-4769-a9ef-fa33b043f776",
    "isCompleted": true,
    "labels": Array [
      "scale",
      "engineer",
      "enhance",
      "extend",
    ],
    "priority": "MEDIUM",
    "title": "laboris cupidatat commodo",
  },
  Object {
    "description": "Odit aperiam repudiandae aliquam dolor.",
    "dueDate": "2027-10-19T20:17:01.003Z",
    "id": "bd933cd0-4bf9-47b3-90fd-7b8555459456",
    "isCompleted": false,
    "labels": Array [
      "strategize",
      "target",
    ],
    "priority": "HIGH",
    "title": "in cupidatat dolore",
  },
  Object {
    "description": "Et ratione qui perspiciatis. Veniam veniam iste modi ea id ut. Dolores iusto iure nulla est labore. Non unde eum minus.",
    "dueDate": "2028-04-18T05:07:54.628Z",
    "id": "0d3d41bc-2cb8-4ba7-910b-6e456c0ba0f0",
    "isCompleted": true,
    "labels": Array [
      "envisioneer",
      "whiteboard",
      "iterate",
    ],
    "priority": "LOW",
    "title": "exercitation dolore proident",
  },
  Object {
    "description": "Fuga eius mollitia.",
    "dueDate": "2021-06-04T23:58:33.728Z",
    "id": "ee2dd28e-1a1c-49c1-a01e-a056482ad398",
    "isCompleted": false,
    "labels": Array [
      "generate",
      "optimize",
      "mesh",
    ],
    "priority": "MEDIUM",
    "title": "ut officia aute",
  },
  Object {
    "description": "Unde ipsum ut numquam saepe perspiciatis aut. Aut dignissimos amet fuga odit possimus minima quibusdam error. Dolor dolor quis id et molestiae ut nisi. Quo nostrum est dolores sunt velit porro.",
    "dueDate": "2020-12-13T13:06:28.308Z",
    "id": "cb77b2d3-572f-42f9-b02f-f7b3b803a93d",
    "isCompleted": false,
    "labels": Array [
      "productize",
      "strategize",
      "utilize",
      "scale",
    ],
    "priority": "LOW",
    "title": "aliquip",
  },
  Object {
    "description": "Enim ducimus aut similique quo omnis. Vitae numquam eius corrupti doloribus omnis placeat.",
    "dueDate": "2028-09-07T06:55:14.605Z",
    "id": "4a59f16d-ca15-4695-8230-c4bc84cd998c",
    "isCompleted": true,
    "labels": Array [
      "redefine",
      "recontextualize",
      "incubate",
      "expedite",
      "syndicate",
    ],
    "priority": "MEDIUM",
    "title": "consequat",
  },
  Object {
    "description": "Beatae ut voluptas ipsam rerum dignissimos aspernatur.",
    "dueDate": "2024-05-02T00:13:40.457Z",
    "id": "2a8f177c-466b-4245-ab02-71fd261a5120",
    "isCompleted": false,
    "labels": Array [
      "whiteboard",
      "innovate",
      "maximize",
    ],
    "priority": "LOW",
    "title": "est elit ea enim cillum",
  },
  Object {
    "description": "Ut ratione rem expedita fugit voluptatem blanditiis assumenda facilis. Et ea rem rem qui dolorem dignissimos quidem. Repudiandae eveniet natus rem ipsam. Voluptate sint eius.",
    "dueDate": "2026-05-06T12:50:26.756Z",
    "id": "a371ce4c-cf51-419c-933a-a43ab219c308",
    "isCompleted": false,
    "labels": Array [
      "seize",
      "transition",
      "optimize",
      "grow",
    ],
    "priority": "LOW",
    "title": "amet qui",
  },
  Object {
    "description": "Rerum nesciunt dicta vero velit rerum sint enim itaque. Voluptatem dolorem sapiente voluptatem. Voluptate fugit dolor voluptatem consequuntur ut. Dolores omnis numquam cumque nesciunt nam voluptatem sint.",
    "dueDate": "2021-02-27T16:07:18.069Z",
    "id": "524e279a-efc2-4f5f-9618-addc1cd8b98d",
    "isCompleted": false,
    "labels": Array [
      "productize",
      "matrix",
      "syndicate",
      "drive",
    ],
    "priority": "MEDIUM",
    "title": "enim aliquip",
  },
  Object {
    "description": "Maiores dolorem sapiente qui aut vel est pariatur ratione veniam. Fugit ut aut. Aut aut dolores.",
    "dueDate": "2023-03-26T07:24:58.626Z",
    "id": "ffc22347-a94d-46f4-88ed-53185ae05459",
    "isCompleted": false,
    "labels": Array [
      "maximize",
      "revolutionize",
      "whiteboard",
      "architect",
    ],
    "title": "culpa tempor consectetur",
  },
  Object {
    "description": "Molestias ut alias modi amet alias assumenda voluptatibus suscipit aut.",
    "dueDate": "2026-05-28T13:54:01.757Z",
    "id": "49fe0fa8-05c9-4351-9a0b-ea803497f43c",
    "isCompleted": false,
    "labels": Array [
      "maximize",
      "embrace",
      "synthesize",
      "maximize",
    ],
    "priority": "HIGH",
    "title": "anim Ut fugiat",
  },
  Object {
    "description": "Est animi vero libero recusandae quia sit. Sit voluptatem sit adipisci reiciendis corporis.",
    "dueDate": "2020-08-21T08:51:23.790Z",
    "id": "e8664f21-3112-4d5e-acfa-e8721aaf630a",
    "isCompleted": false,
    "labels": Array [
      "revolutionize",
      "engineer",
      "synthesize",
      "productize",
    ],
    "priority": "LOW",
    "title": "magna",
  },
  Object {
    "description": "Et repellat commodi. Doloremque nemo est labore est quam praesentium rerum.",
    "dueDate": "2028-11-02T17:15:48.729Z",
    "id": "01f8f5e6-cbcf-49f1-bd3a-3149b258436a",
    "isCompleted": true,
    "labels": Array [
      "implement",
      "drive",
      "maximize",
      "integrate",
    ],
    "priority": "MEDIUM",
    "title": "ipsum aliqua",
  },
  Object {
    "description": "Perspiciatis culpa est sint repudiandae incidunt iusto. Et rerum esse.",
    "dueDate": "2020-10-05T05:50:12.560Z",
    "id": "293699b7-7975-4654-bf6a-d56434e5f8d9",
    "isCompleted": true,
    "labels": Array [
      "mesh",
      "reintermediate",
      "harness",
      "utilize",
    ],
    "priority": "HIGH",
    "title": "magna irure",
  },
  Object {
    "description": "Commodi aperiam explicabo autem.",
    "dueDate": "2020-04-06T21:50:37.110Z",
    "id": "95b925f2-c6b5-4ef3-9a75-f9ce5f778631",
    "isCompleted": false,
    "labels": Array [
      "embrace",
      "utilize",
    ],
    "priority": "LOW",
    "title": "ipsum",
  },
  Object {
    "description": "Porro reprehenderit eos aspernatur eveniet consequatur doloremque id. Natus a facere quo aliquid accusamus rerum.",
    "dueDate": "2026-10-07T04:08:46.685Z",
    "id": "569ce822-0a9f-488c-a2fc-4d8306863264",
    "isCompleted": false,
    "labels": Array [
      "streamline",
      "reinvent",
      "drive",
      "drive",
      "incubate",
    ],
    "priority": "HIGH",
    "title": "ad qui officia irure pariatur",
  },
  Object {
    "description": "Corporis inventore aut fugit aspernatur consequatur fugit rerum. Dolore autem voluptatem rerum consequatur necessitatibus. Eligendi sed voluptas saepe porro dolor id ad natus. A qui ullam.",
    "dueDate": "2022-12-06T04:56:00.035Z",
    "id": "c6fd4f82-276a-4405-bc6c-aba114cf37d9",
    "isCompleted": true,
    "labels": Array [
      "repurpose",
      "utilize",
      "drive",
      "synthesize",
    ],
    "priority": "HIGH",
    "title": "laborum",
  },
  Object {
    "description": "Sit porro reiciendis vel officia aliquid. Maiores nostrum est quae et perferendis perferendis et amet consequatur. Dignissimos maiores maxime exercitationem. Accusamus minus non mollitia culpa tenetur vel labore.",
    "dueDate": "2023-06-10T16:40:33.137Z",
    "id": "57e9f600-7c97-4065-b069-37048c38750e",
    "isCompleted": true,
    "labels": Array [
      "orchestrate",
    ],
    "priority": "MEDIUM",
    "title": "elit minim enim pariatur nostrud",
  },
  Object {
    "dueDate": "2022-07-19T05:50:50.902Z",
    "id": "cca20b56-645e-4148-84c2-6e520d7b2e07",
    "isCompleted": false,
    "labels": Array [
      "maximize",
    ],
    "title": "sed consequat ipsum elit",
  },
  Object {
    "description": "Explicabo voluptas molestiae et.",
    "dueDate": "2029-09-03T10:31:28.272Z",
    "id": "2a0b9c71-5eda-443b-b354-e576e749eaba",
    "isCompleted": true,
    "labels": Array [
      "cultivate",
    ],
    "priority": "LOW",
    "title": "in aliquip enim",
  },
  Object {
    "description": "Nihil qui et itaque ea aut aut odit. Quia reiciendis tempora sit. Qui assumenda eum praesentium. Aut et voluptas officiis ipsum odit necessitatibus.",
    "dueDate": "2029-05-10T17:23:10.245Z",
    "id": "23662bf7-f96c-43ec-b525-365bf98f4d5f",
    "isCompleted": false,
    "labels": Array [
      "drive",
    ],
    "priority": "LOW",
    "title": "do mollit",
  },
  Object {
    "description": "Ullam saepe voluptate ipsa quis corporis laboriosam voluptatibus vel.",
    "dueDate": "2028-01-25T12:33:55.430Z",
    "id": "295adb28-61f7-432e-ae81-a75875d02311",
    "isCompleted": false,
    "labels": Array [
      "deploy",
      "enhance",
    ],
    "priority": "LOW",
    "title": "fugiat Lorem",
  },
  Object {
    "description": "Ut quibusdam et. Itaque ex hic voluptas voluptates non exercitationem itaque doloremque. Sint cum facilis unde totam dicta reiciendis sequi. Ex deserunt officia omnis unde provident quod officiis.",
    "dueDate": "2028-07-16T14:45:58.329Z",
    "id": "de710136-62a7-4ef5-93f1-6b4b2a7c0731",
    "isCompleted": false,
    "labels": Array [
      "innovate",
      "monetize",
      "repurpose",
      "leverage",
      "deploy",
    ],
    "priority": "LOW",
    "title": "Duis enim",
  },
  Object {
    "description": "Consequatur ex molestiae laudantium beatae similique quidem eos est totam. Cupiditate dolorem sequi in facere.",
    "dueDate": "2021-11-29T13:02:28.424Z",
    "id": "afdb7919-9185-4aef-8f0d-49a8d7088cae",
    "isCompleted": true,
    "labels": Array [
      "streamline",
      "aggregate",
      "grow",
    ],
    "priority": "MEDIUM",
    "title": "esse non dolor reprehenderit nisi",
  },
  Object {
    "description": "Nihil iste asperiores consequatur ex quidem omnis. Deserunt ipsa eligendi.",
    "dueDate": "2026-04-10T08:10:16.819Z",
    "id": "ebf07948-8242-4cb1-98be-8365eddb5603",
    "isCompleted": true,
    "labels": Array [
      "envisioneer",
      "seize",
    ],
    "priority": "LOW",
    "title": "in occaecat adipisicing est tempor",
  },
  Object {
    "description": "Et consequatur voluptas consequatur expedita omnis. Recusandae error culpa nihil quia quis.",
    "dueDate": "2024-10-10T03:54:55.557Z",
    "id": "52e0c295-c71a-4d3d-9ee2-1172b616d861",
    "isCompleted": false,
    "labels": Array [
      "target",
      "aggregate",
      "target",
      "engineer",
    ],
    "priority": "MEDIUM",
    "title": "esse",
  },
  Object {
    "description": "Ipsa ab provident.",
    "dueDate": "2026-09-21T16:24:31.099Z",
    "id": "53c9ba19-1310-40d5-aa27-82e87ef056e2",
    "isCompleted": true,
    "labels": Array [
      "drive",
    ],
    "priority": "LOW",
    "title": "pariatur",
  },
  Object {
    "description": "Ipsa laborum molestiae rerum ut asperiores ab voluptatem et. Voluptatem sed cum fuga voluptates. Et nihil numquam vitae odit. Et perferendis tempore placeat.",
    "dueDate": "2022-11-25T05:32:01.260Z",
    "id": "b6757941-8426-429d-b07e-75de31e559ef",
    "isCompleted": true,
    "labels": Array [
      "enable",
      "evolve",
    ],
    "title": "dolor tempor cillum ut",
  },
  Object {
    "description": "Molestiae qui velit explicabo ab nihil voluptate aut quis ut. Aut accusantium rem et eaque soluta excepturi et occaecati.",
    "dueDate": "2023-03-08T10:25:33.314Z",
    "id": "ea558b9a-3f94-4a34-96e7-0e790fe858a0",
    "isCompleted": false,
    "labels": Array [
      "monetize",
    ],
    "priority": "LOW",
    "title": "et incididunt",
  },
  Object {
    "dueDate": "2025-10-13T00:43:34.976Z",
    "id": "5105d072-81d6-4495-a1ca-e3ed79eee06f",
    "isCompleted": false,
    "labels": Array [
      "recontextualize",
    ],
    "title": "sint ea",
  },
  Object {
    "dueDate": "2025-10-20T01:17:44.931Z",
    "id": "009d50e3-d84a-4cf2-9c2a-ad189c8b30e8",
    "isCompleted": true,
    "labels": Array [
      "disintermediate",
      "mesh",
      "expedite",
      "iterate",
    ],
    "title": "quis",
  },
  Object {
    "description": "Quidem est repellat voluptatum quia fugit. Qui modi magnam sint in placeat aut odit molestias.",
    "dueDate": "2028-04-23T21:09:07.693Z",
    "id": "7ad4a911-03f0-48db-823b-ea7e4405090e",
    "isCompleted": true,
    "labels": Array [
      "benchmark",
      "morph",
      "transition",
      "evolve",
      "reintermediate",
    ],
    "title": "tempor commodo amet magna nisi",
  },
  Object {
    "description": "Ipsam consequatur ea pariatur odio alias aut. Voluptatibus eius eveniet qui deleniti magni qui unde consequuntur. Ab iste ea.",
    "dueDate": "2026-03-02T16:42:34.055Z",
    "id": "1521498b-9979-41bf-8339-9e2a470c360c",
    "isCompleted": true,
    "labels": Array [
      "revolutionize",
      "incentivize",
      "engage",
    ],
    "priority": "LOW",
    "title": "aute ad quis",
  },
  Object {
    "description": "Consequatur recusandae ut quod id tenetur maxime nisi.",
    "dueDate": "2029-06-28T22:58:00.059Z",
    "id": "3c3b779f-b74b-44d1-b5a5-87d67bc73d68",
    "isCompleted": true,
    "labels": Array [
      "transform",
      "engage",
      "architect",
      "visualize",
    ],
    "priority": "HIGH",
    "title": "ut do et quis",
  },
  Object {
    "description": "Ipsa beatae aliquam iure odit qui consequatur alias error quis.",
    "dueDate": "2028-10-30T07:22:28.084Z",
    "id": "aad26ebb-4af9-45dc-8bac-7d6953b3b2db",
    "isCompleted": false,
    "labels": Array [
      "transform",
      "mesh",
      "embrace",
      "grow",
    ],
    "priority": "HIGH",
    "title": "adipisicing pariatur do ex minim",
  },
  Object {
    "dueDate": "2028-08-24T20:24:31.106Z",
    "id": "e6678ade-c70a-4191-99a4-0189159cbbc9",
    "isCompleted": true,
    "labels": Array [
      "engage",
      "deliver",
      "recontextualize",
    ],
    "title": "in magna Excepteur esse non",
  },
  Object {
    "description": "Ipsam exercitationem impedit reprehenderit illum quaerat. Molestiae esse ex. Corrupti maxime et voluptate. Alias nulla voluptatem sunt sed voluptates architecto ea provident illum.",
    "dueDate": "2020-06-22T17:04:45.171Z",
    "id": "a266cfd6-e2a2-4ead-b409-d48a2e97bd90",
    "isCompleted": true,
    "labels": Array [
      "cultivate",
      "transition",
      "expedite",
    ],
    "priority": "HIGH",
    "title": "incididunt aute",
  },
  Object {
    "description": "Ex eligendi aut quaerat nostrum et accusamus. Voluptate molestiae ea non vel laborum laudantium. Deserunt nemo aperiam cum placeat.",
    "dueDate": "2024-08-19T11:58:21.256Z",
    "id": "eb73ecd2-4fff-466f-a467-8bb9cae1709a",
    "isCompleted": true,
    "labels": Array [
      "incubate",
    ],
    "priority": "LOW",
    "title": "esse",
  },
  Object {
    "description": "Reiciendis ab quia autem consectetur occaecati nemo molestiae. Temporibus soluta velit illo deleniti.",
    "dueDate": "2027-03-06T23:14:27.494Z",
    "id": "46bad09a-70ab-467b-9f81-10a9fcc89e14",
    "isCompleted": false,
    "labels": Array [
      "visualize",
    ],
    "priority": "HIGH",
    "title": "in velit exercitation",
  },
  Object {
    "description": "Iste quis doloremque recusandae. Et dolor soluta. Nemo accusantium est vel voluptate.",
    "dueDate": "2028-11-13T21:26:07.680Z",
    "id": "0e180dc7-f9bd-4eee-ab49-d5b7786f408e",
    "isCompleted": true,
    "labels": Array [
      "implement",
      "orchestrate",
      "iterate",
    ],
    "priority": "MEDIUM",
    "title": "dolor",
  },
  Object {
    "dueDate": "2029-07-08T10:08:56.908Z",
    "id": "f101ad79-0397-451b-ba23-c2f4b2199920",
    "isCompleted": false,
    "labels": Array [
      "transition",
      "visualize",
      "whiteboard",
    ],
    "title": "magna ex",
  },
  Object {
    "description": "Debitis maxime velit ut eos consequatur qui.",
    "dueDate": "2026-07-19T19:28:25.407Z",
    "id": "51cdd9a1-e907-433e-895e-955246c9c9b6",
    "isCompleted": false,
    "labels": Array [
      "transform",
      "recontextualize",
      "syndicate",
    ],
    "priority": "LOW",
    "title": "consectetur in ex dolor nulla",
  },
  Object {
    "description": "Non quas dicta. Magnam eos debitis accusamus omnis tenetur. Voluptatum fugit a non nemo sapiente.",
    "dueDate": "2027-12-22T23:46:14.761Z",
    "id": "3185807d-5992-4219-b10a-c2ff0c96920e",
    "isCompleted": false,
    "labels": Array [
      "unleash",
      "target",
      "incentivize",
      "utilize",
    ],
    "priority": "MEDIUM",
    "title": "dolore aute aliquip dolore nulla",
  },
  Object {
    "description": "Sint quod autem.",
    "dueDate": "2027-12-16T08:14:44.683Z",
    "id": "4787d5d4-ef56-4de9-acd5-d2fab3ccb79d",
    "isCompleted": false,
    "labels": Array [
      "innovate",
      "utilize",
      "repurpose",
      "integrate",
    ],
    "priority": "HIGH",
    "title": "consectetur voluptate fugiat",
  },
  Object {
    "description": "Culpa et esse incidunt et consequatur.",
    "dueDate": "2028-01-21T20:38:13.491Z",
    "id": "81c8be12-8a8b-44e5-9e8e-7d5c7622af35",
    "isCompleted": true,
    "labels": Array [
      "integrate",
    ],
    "priority": "LOW",
    "title": "culpa enim cupidatat",
  },
  Object {
    "description": "Molestiae et at. Id laboriosam officiis voluptas ullam et placeat omnis nostrum officiis. Veniam corrupti eius quae suscipit sunt natus.",
    "dueDate": "2026-06-10T01:55:38.860Z",
    "id": "cd750c04-5600-4a21-9e9f-ae0b85c4807d",
    "isCompleted": false,
    "labels": Array [
      "expedite",
      "cultivate",
      "seize",
      "engage",
    ],
    "priority": "HIGH",
    "title": "ipsum",
  },
  Object {
    "description": "Laborum provident quo sit mollitia iusto. Temporibus sit a consequatur expedita et deleniti atque. A nesciunt sunt illo. Incidunt perspiciatis ut dolore.",
    "dueDate": "2027-04-02T15:48:32.023Z",
    "id": "06e31b36-21ac-4f3d-8151-287cbb68c0af",
    "isCompleted": false,
    "labels": Array [
      "enable",
    ],
    "priority": "MEDIUM",
    "title": "id occaecat eiusmod nostrud irure",
  },
  Object {
    "description": "Quo ut non qui sunt nihil tenetur aut et. Tenetur at modi quis quo. Vitae dignissimos adipisci error pariatur iure suscipit laborum quis.",
    "dueDate": "2023-02-04T21:50:08.457Z",
    "id": "b037b0a6-291e-4881-8001-5c6b57ef6938",
    "isCompleted": false,
    "labels": Array [
      "extend",
    ],
    "priority": "LOW",
    "title": "in voluptate aute",
  },
  Object {
    "description": "Ut esse eaque veritatis laborum id numquam voluptates. Consequatur nulla eum placeat. Voluptas harum occaecati eos amet numquam alias animi ut. Impedit et non deleniti illo quam.",
    "dueDate": "2027-07-12T10:50:34.394Z",
    "id": "1bd0bad3-6872-47b5-95eb-ccad6dec85ab",
    "isCompleted": false,
    "labels": Array [
      "enhance",
      "redefine",
      "synthesize",
    ],
    "priority": "MEDIUM",
    "title": "labore irure consectetur",
  },
  Object {
    "description": "Ducimus in facere.",
    "dueDate": "2027-08-03T10:54:21.891Z",
    "id": "c0fd14e5-bec5-4c74-bb5d-1d6c7833da79",
    "isCompleted": false,
    "labels": Array [
      "enhance",
    ],
    "priority": "HIGH",
    "title": "deserunt ex ipsum reprehenderit exercitation",
  },
  Object {
    "description": "Est ducimus deserunt et.",
    "dueDate": "2020-12-25T17:49:47.334Z",
    "id": "4fd9007d-8ab2-405a-9cb8-57ca4d8dec6b",
    "isCompleted": false,
    "labels": Array [
      "mesh",
      "transform",
      "drive",
    ],
    "priority": "MEDIUM",
    "title": "velit officia magna enim reprehenderit",
  },
  Object {
    "description": "Sed et laudantium aut occaecati voluptas est et eaque.",
    "dueDate": "2020-09-17T20:47:08.297Z",
    "id": "5c67a0ec-c75a-4c32-a05b-41f66d569040",
    "isCompleted": true,
    "labels": Array [
      "integrate",
      "iterate",
    ],
    "priority": "LOW",
    "title": "irure",
  },
  Object {
    "description": "Voluptas similique non animi natus quidem aut.",
    "dueDate": "2025-10-05T22:04:55.995Z",
    "id": "5ecf1e4c-db2d-4658-920b-8c3add426044",
    "isCompleted": true,
    "labels": Array [
      "reinvent",
      "generate",
      "transition",
    ],
    "priority": "HIGH",
    "title": "pariatur non incididunt",
  },
  Object {
    "dueDate": "2024-02-04T08:58:07.074Z",
    "id": "dd1ce3d4-412b-49d6-b795-3af456b4899a",
    "isCompleted": false,
    "labels": Array [
      "redefine",
      "expedite",
      "productize",
    ],
    "title": "aliqua incididunt consectetur",
  },
  Object {
    "description": "Cupiditate nihil in sed qui in similique consequuntur. Nulla et expedita sit ut natus sapiente.",
    "dueDate": "2020-02-08T05:10:59.860Z",
    "id": "cc5e706c-34d8-48b0-94f2-f2a9f0100dd4",
    "isCompleted": false,
    "labels": Array [
      "visualize",
      "innovate",
    ],
    "priority": "HIGH",
    "title": "fugiat consequat veniam ut",
  },
  Object {
    "description": "Doloremque explicabo laboriosam rerum qui molestiae praesentium et perferendis.",
    "dueDate": "2029-08-23T15:13:17.441Z",
    "id": "c0837572-0c8d-4662-9167-205f3646b0e6",
    "isCompleted": true,
    "labels": Array [
      "incentivize",
    ],
    "priority": "HIGH",
    "title": "irure",
  },
  Object {
    "description": "Qui unde sunt.",
    "dueDate": "2021-08-10T21:38:12.426Z",
    "id": "069b3a1b-7654-4fac-b4a9-9882cccb921b",
    "isCompleted": true,
    "labels": Array [
      "grow",
      "benchmark",
      "visualize",
      "implement",
    ],
    "title": "do",
  },
  Object {
    "description": "Dolorem non non velit aut qui vel. Ut quos fugiat voluptas doloribus suscipit. Vitae mollitia veritatis quasi ea qui dolorem. Quod sint distinctio sit voluptas.",
    "dueDate": "2022-04-28T17:15:35.927Z",
    "id": "e72ca456-3b17-41fe-924e-0e8bdbea17e8",
    "isCompleted": false,
    "labels": Array [
      "target",
      "morph",
      "redefine",
      "benchmark",
    ],
    "priority": "MEDIUM",
    "title": "nulla quis minim reprehenderit",
  },
  Object {
    "description": "Qui impedit aliquid a aut et cum officiis cumque. Praesentium non quasi voluptatem repellat. Quidem fugiat et nulla ratione quia quo mollitia minima sit. Quisquam vitae consequatur similique dicta commodi tempora.",
    "dueDate": "2027-06-13T03:12:25.353Z",
    "id": "465c0f52-8728-4964-8a60-dea0f27ce0cb",
    "isCompleted": true,
    "labels": Array [
      "incentivize",
      "redefine",
    ],
    "title": "consectetur Ut in",
  },
  Object {
    "description": "Harum rerum architecto nulla qui reiciendis id deleniti. Qui nihil quaerat. Vel atque iusto vitae.",
    "dueDate": "2027-04-22T07:50:55.478Z",
    "id": "3dd501b6-4958-47bb-9ffe-7c445d30a56d",
    "isCompleted": false,
    "labels": Array [
      "whiteboard",
      "facilitate",
      "aggregate",
    ],
    "priority": "HIGH",
    "title": "aliquip Excepteur nostrud pariatur eu",
  },
  Object {
    "description": "Sed aut laborum reprehenderit rerum facilis. Vero similique et qui in corrupti ducimus corrupti officiis.",
    "dueDate": "2020-09-13T02:02:52.358Z",
    "id": "4d18794a-a970-4035-b779-b1cad5627c61",
    "isCompleted": true,
    "labels": Array [
      "optimize",
      "cultivate",
      "morph",
      "repurpose",
    ],
    "priority": "MEDIUM",
    "title": "non et",
  },
  Object {
    "description": "Officiis mollitia magnam eum quia.",
    "dueDate": "2025-08-17T21:47:55.826Z",
    "id": "43bdac15-4e4a-4e43-a86f-0f981537b3bf",
    "isCompleted": false,
    "labels": Array [
      "implement",
      "monetize",
      "disintermediate",
      "orchestrate",
      "strategize",
    ],
    "priority": "HIGH",
    "title": "do anim culpa cupidatat",
  },
  Object {
    "description": "Dolorum vero animi tempore enim nulla placeat. Corporis quas non unde. Quo vero voluptas et porro soluta mollitia. Nemo sint qui.",
    "dueDate": "2025-09-24T20:00:25.360Z",
    "id": "1a37aaaa-ef29-4b2e-b949-327389009ea6",
    "isCompleted": false,
    "labels": Array [
      "iterate",
      "reintermediate",
      "deliver",
      "brand",
      "transform",
    ],
    "priority": "LOW",
    "title": "tempor ut qui laboris",
  },
  Object {
    "description": "Eos quia illo. Repellat est perspiciatis aut. Et ut in ab autem amet.",
    "dueDate": "2021-05-23T03:42:31.281Z",
    "id": "8a6a9f65-f2c2-4f03-9b13-e701d43107bf",
    "isCompleted": false,
    "labels": Array [
      "implement",
      "visualize",
      "empower",
    ],
    "priority": "HIGH",
    "title": "sint voluptate nisi adipisicing ad",
  },
  Object {
    "description": "Temporibus cumque sit quod facere dolorum qui placeat.",
    "dueDate": "2024-06-11T11:43:16.327Z",
    "id": "e895539f-50d4-4163-b14d-147fb225ae1a",
    "isCompleted": false,
    "labels": Array [
      "deliver",
      "target",
      "repurpose",
    ],
    "priority": "HIGH",
    "title": "ea ad irure sit",
  },
  Object {
    "description": "Sit voluptates commodi repudiandae alias doloremque assumenda reiciendis. Accusantium quod et ullam dolore impedit.",
    "dueDate": "2024-04-23T16:37:21.336Z",
    "id": "2fbea2e1-bff9-4ce1-bda3-9be87d517a15",
    "isCompleted": true,
    "labels": Array [
      "facilitate",
    ],
    "priority": "HIGH",
    "title": "adipisicing in esse",
  },
  Object {
    "description": "Omnis cum voluptatem esse nesciunt quo et necessitatibus. Et eaque exercitationem voluptatem. Id dolor voluptatem.",
    "dueDate": "2027-01-02T22:25:02.974Z",
    "id": "b7a7934a-773c-42e9-9cf7-1b9b272b85bc",
    "isCompleted": false,
    "labels": Array [
      "morph",
      "harness",
    ],
    "priority": "LOW",
    "title": "aliqua fugiat labore qui",
  },
  Object {
    "description": "Labore ipsum aut veritatis inventore sed ut sed sed. Aut aut ut repellat natus a voluptatibus aut hic voluptates. Maiores et tenetur cum iure dolores deserunt totam odit. Nobis aut numquam aut ratione sit.",
    "dueDate": "2021-04-26T18:57:17.419Z",
    "id": "89ed7c3e-40cb-4d3b-82c7-6cb1d7fe8257",
    "isCompleted": true,
    "labels": Array [
      "disintermediate",
      "orchestrate",
    ],
    "priority": "HIGH",
    "title": "anim consectetur fugiat sit",
  },
  Object {
    "description": "Placeat omnis et accusantium. Laboriosam laboriosam nam voluptatum quod accusamus id.",
    "dueDate": "2026-03-30T17:01:31.155Z",
    "id": "0914a52f-fac6-42bf-b98f-ecdd22aeebdf",
    "isCompleted": false,
    "labels": Array [
      "seize",
      "recontextualize",
    ],
    "priority": "MEDIUM",
    "title": "ea in qui",
  },
  Object {
    "description": "Est fugiat vero eius corrupti ipsam in.",
    "dueDate": "2023-12-20T13:08:07.179Z",
    "id": "f3465749-a666-417a-9c7f-0641a2b74b5a",
    "isCompleted": false,
    "labels": Array [
      "evolve",
      "extend",
    ],
    "priority": "MEDIUM",
    "title": "labore aute culpa mollit ut",
  },
  Object {
    "description": "Voluptate similique est esse sed laborum eius dolorem labore. Ad amet perferendis reiciendis aliquam. Laborum non facere autem fugit dicta aut nihil.",
    "dueDate": "2028-04-05T12:13:32.209Z",
    "id": "00b468e2-9f94-4f84-975f-13eef3875c56",
    "isCompleted": false,
    "labels": Array [
      "cultivate",
      "deploy",
    ],
    "priority": "HIGH",
    "title": "Excepteur laboris",
  },
  Object {
    "description": "Iure aut dolore sed est. Eaque rerum omnis ex non quia debitis consequuntur occaecati eum. Quis qui dolor.",
    "dueDate": "2022-06-23T03:58:25.436Z",
    "id": "18b8ebf5-fc7a-4e03-8bd2-99248dc614de",
    "isCompleted": true,
    "labels": Array [
      "leverage",
      "facilitate",
    ],
    "priority": "HIGH",
    "title": "quis Duis dolor",
  },
  Object {
    "description": "Dicta suscipit corrupti id est tempore et corporis perferendis dolorum. Dolores voluptatum aut eveniet et aspernatur expedita tempora numquam. Laborum est temporibus magni aliquid est. Iusto optio ut quibusdam quo odio error.",
    "dueDate": "2023-04-02T16:31:05.287Z",
    "id": "751a3278-76e5-4681-875b-035d004b735b",
    "isCompleted": false,
    "labels": Array [
      "synthesize",
      "maximize",
      "extend",
    ],
    "priority": "HIGH",
    "title": "elit dolore voluptate ad",
  },
  Object {
    "description": "Asperiores rem enim. Id qui delectus. Facere odit eligendi praesentium quod.",
    "dueDate": "2024-09-03T13:53:56.690Z",
    "id": "472e9ae9-4ad9-4a30-9de6-cd33c823b76e",
    "isCompleted": false,
    "labels": Array [
      "implement",
    ],
    "priority": "HIGH",
    "title": "mollit",
  },
  Object {
    "description": "Dolorum unde cum in. Quia occaecati ut voluptatum omnis sed.",
    "dueDate": "2023-06-06T04:26:35.365Z",
    "id": "bbf68100-1e01-48cd-ae35-3788f3998352",
    "isCompleted": false,
    "labels": Array [
      "embrace",
    ],
    "priority": "MEDIUM",
    "title": "id",
  },
  Object {
    "description": "Distinctio recusandae totam ratione rerum nihil omnis quidem cum velit. Ut aut eum. Est magnam distinctio.",
    "dueDate": "2021-03-26T17:46:54.872Z",
    "id": "c64977d5-72eb-4e80-ba96-9bf8d8824426",
    "isCompleted": true,
    "labels": Array [
      "productize",
    ],
    "priority": "MEDIUM",
    "title": "eiusmod irure laborum tempor dolore",
  },
  Object {
    "description": "Dolorem consequuntur quos quisquam.",
    "dueDate": "2022-09-27T02:16:41.710Z",
    "id": "6ec70819-6dbd-45cb-8199-1020a33c7304",
    "isCompleted": false,
    "labels": Array [
      "streamline",
      "generate",
    ],
    "priority": "MEDIUM",
    "title": "aliquip",
  },
  Object {
    "description": "Impedit explicabo vero. Rem similique hic et consequuntur molestiae consequatur quam. Non dolorum rerum omnis. Cumque corporis odio incidunt non ut neque ullam.",
    "dueDate": "2026-02-09T12:13:31.954Z",
    "id": "53212b2a-f78e-46f3-b6fd-2228f86d84f4",
    "isCompleted": true,
    "labels": Array [
      "maximize",
      "synergize",
    ],
    "priority": "MEDIUM",
    "title": "enim",
  },
  Object {
    "dueDate": "2023-08-04T03:13:46.224Z",
    "id": "0fe2cc6e-115d-4873-9df4-d332fb780b94",
    "isCompleted": true,
    "labels": Array [
      "morph",
      "synergize",
      "facilitate",
      "e-enable",
    ],
    "title": "anim pariatur Duis",
  },
  Object {
    "description": "Laboriosam dolor mollitia cum odio est recusandae enim qui. Voluptatum qui et natus ea labore asperiores possimus.",
    "dueDate": "2022-10-27T19:21:15.591Z",
    "id": "e669b932-61db-42ce-97f6-c4cee8dc6d4e",
    "isCompleted": false,
    "labels": Array [
      "redefine",
    ],
    "priority": "HIGH",
    "title": "dolore Ut nisi sint",
  },
  Object {
    "description": "Et enim numquam dolores quia totam recusandae rerum.",
    "dueDate": "2028-11-15T15:08:46.035Z",
    "id": "a9316b0a-520d-41e7-a543-95ffbbccc6fa",
    "isCompleted": false,
    "labels": Array [
      "engineer",
      "expedite",
      "morph",
      "deploy",
    ],
    "priority": "MEDIUM",
    "title": "culpa laboris aliquip reprehenderit",
  },
  Object {
    "description": "Et eius itaque eligendi voluptatem sint quia sit rerum et.",
    "dueDate": "2027-03-15T15:38:20.560Z",
    "id": "2ba245c6-66e1-4161-80b0-906de897fadd",
    "isCompleted": false,
    "labels": Array [
      "whiteboard",
      "transition",
      "e-enable",
    ],
    "priority": "HIGH",
    "title": "ut sed",
  },
  Object {
    "description": "Reiciendis sit facere praesentium et quas voluptas aut consequatur assumenda.",
    "dueDate": "2029-02-21T13:04:17.235Z",
    "id": "1f6b0169-e1a6-4bc4-ba8f-ebfde2f76369",
    "isCompleted": true,
    "labels": Array [
      "expedite",
      "benchmark",
      "envisioneer",
    ],
    "priority": "LOW",
    "title": "do",
  },
  Object {
    "description": "Sunt officiis aut inventore ipsa animi. Qui nihil sit. Sunt alias consequatur aut.",
    "dueDate": "2020-01-11T18:07:42.751Z",
    "id": "1432a74c-1b73-4527-92ef-a2a4e7fe2199",
    "isCompleted": true,
    "labels": Array [
      "enhance",
      "leverage",
      "streamline",
    ],
    "priority": "HIGH",
    "title": "consequat fugiat",
  },
  Object {
    "description": "Dolorum id quisquam recusandae laudantium voluptatem maiores possimus sit cumque. Consequatur consequatur ipsa. Aperiam sed non velit omnis consequatur.",
    "dueDate": "2024-06-29T06:14:48.813Z",
    "id": "5ec18d99-6804-4574-8378-c2a3a3e70f38",
    "isCompleted": true,
    "labels": Array [
      "innovate",
      "monetize",
      "synergize",
      "deliver",
      "reintermediate",
    ],
    "priority": "LOW",
    "title": "do culpa velit cupidatat in",
  },
  Object {
    "description": "Aut ipsam fugit modi nesciunt quaerat non eveniet.",
    "dueDate": "2022-02-22T20:11:01.641Z",
    "id": "e7890920-3648-437b-9ab9-e7342337af4d",
    "isCompleted": false,
    "labels": Array [
      "reintermediate",
      "benchmark",
      "visualize",
      "visualize",
      "optimize",
    ],
    "priority": "LOW",
    "title": "Ut ea",
  },
  Object {
    "description": "Incidunt et alias odit commodi exercitationem quos occaecati sit.",
    "dueDate": "2026-10-03T23:29:48.233Z",
    "id": "1ce6972d-02db-426f-814d-36ad7c8d374b",
    "isCompleted": false,
    "labels": Array [
      "extend",
      "monetize",
      "morph",
    ],
    "priority": "LOW",
    "title": "Lorem aliquip elit",
  },
  Object {
    "description": "Autem et pariatur dolor ut quae.",
    "dueDate": "2021-04-30T20:51:01.751Z",
    "id": "dcb3b1a0-e96a-4be4-8a6b-2586306756bc",
    "isCompleted": true,
    "labels": Array [
      "scale",
      "e-enable",
      "strategize",
      "leverage",
    ],
    "priority": "HIGH",
    "title": "in consectetur Excepteur aute nisi",
  },
  Object {
    "dueDate": "2028-02-09T00:28:26.828Z",
    "id": "38befdf5-74da-4819-93a6-936bfafc2994",
    "isCompleted": false,
    "labels": Array [
      "syndicate",
      "productize",
    ],
    "title": "amet anim",
  },
  Object {
    "description": "Sed iure tempore maxime ipsam quidem eos architecto.",
    "dueDate": "2026-02-23T19:17:24.725Z",
    "id": "97746f56-84fe-4cb6-9d28-cf6f1052ada5",
    "isCompleted": false,
    "labels": Array [
      "leverage",
    ],
    "priority": "MEDIUM",
    "title": "est mollit in nulla",
  },
  Object {
    "description": "Expedita doloribus qui est occaecati vero. Praesentium odit sed alias modi tenetur dolor et autem. Similique consequatur aliquid aut iste. Dolorem assumenda impedit odio consectetur nulla.",
    "dueDate": "2024-07-16T10:11:43.016Z",
    "id": "65e4f191-afdc-4e26-b4ab-cac72dfe3b94",
    "isCompleted": true,
    "labels": Array [
      "engage",
      "maximize",
    ],
    "priority": "HIGH",
    "title": "ad",
  },
  Object {
    "description": "Fuga similique fugit corporis voluptatem dolores. Nobis et sint magnam aut atque. Maiores incidunt occaecati iusto laborum facere.",
    "dueDate": "2027-03-31T10:26:48.989Z",
    "id": "b95b65a5-5334-4fac-9c60-6272614e6ceb",
    "isCompleted": false,
    "labels": Array [
      "matrix",
      "syndicate",
    ],
    "priority": "MEDIUM",
    "title": "reprehenderit labore in anim dolor",
  },
  Object {
    "description": "Est aut assumenda quis tempore quia. Odit et voluptatem cum commodi ut dicta sed id.",
    "dueDate": "2024-10-08T21:17:33.304Z",
    "id": "e52ab7f5-9382-43bb-9ecb-adab6fa51d94",
    "isCompleted": true,
    "labels": Array [
      "incubate",
    ],
    "priority": "MEDIUM",
    "title": "tempor magna anim ipsum",
  },
  Object {
    "dueDate": "2020-12-27T02:29:22.664Z",
    "id": "d315a274-ecc8-450e-bd9d-0ea6642b90b0",
    "isCompleted": true,
    "labels": Array [
      "whiteboard",
      "streamline",
    ],
    "title": "in anim do cillum",
  },
  Object {
    "description": "Et nobis et rerum accusantium repudiandae ut ab. Vel et error asperiores dolores ut in. Quia numquam voluptatibus odit in. Et ullam in harum.",
    "dueDate": "2025-05-24T19:27:59.248Z",
    "id": "8a8017cf-6611-4278-b755-c1c93379b46e",
    "isCompleted": true,
    "labels": Array [
      "reinvent",
      "incubate",
    ],
    "priority": "HIGH",
    "title": "tempor aute eiusmod",
  },
  Object {
    "description": "Fuga voluptatem pariatur.",
    "dueDate": "2025-08-19T20:48:15.889Z",
    "id": "7135c6bc-a4af-4b9e-9e8d-9ef2eff3a6ae",
    "isCompleted": false,
    "labels": Array [
      "visualize",
    ],
    "priority": "LOW",
    "title": "et Duis",
  },
  Object {
    "description": "Sit ut velit.",
    "dueDate": "2029-09-30T15:22:05.998Z",
    "id": "ba20376d-18f5-42db-998a-72a87b95412b",
    "isCompleted": false,
    "labels": Array [
      "revolutionize",
      "synthesize",
      "monetize",
      "utilize",
    ],
    "priority": "HIGH",
    "title": "anim ex id",
  },
  Object {
    "description": "Ab molestiae consequuntur omnis alias et.",
    "dueDate": "2021-05-22T19:13:52.105Z",
    "id": "ebc67d1f-a37d-4481-bfa0-953abb4fd7ff",
    "isCompleted": true,
    "labels": Array [
      "implement",
      "morph",
      "productize",
      "monetize",
      "facilitate",
    ],
    "priority": "HIGH",
    "title": "irure do eu minim laborum",
  },
  Object {
    "description": "Sed nemo recusandae labore minima quia consectetur facere molestiae.",
    "dueDate": "2021-11-08T16:00:40.773Z",
    "id": "cdca52b0-437b-4d74-8282-322628fbf2be",
    "isCompleted": true,
    "labels": Array [
      "expedite",
      "cultivate",
    ],
    "priority": "HIGH",
    "title": "in ullamco aliquip mollit dolore",
  },
  Object {
    "description": "Est aut debitis voluptatem rerum.",
    "dueDate": "2022-10-22T00:04:41.978Z",
    "id": "f9994721-85fa-4d2b-806c-1bcdd1b655dc",
    "isCompleted": true,
    "labels": Array [
      "integrate",
      "unleash",
      "monetize",
      "syndicate",
    ],
    "priority": "LOW",
    "title": "sunt",
  },
  Object {
    "description": "Aliquid nihil dolore quia recusandae iure.",
    "dueDate": "2026-03-07T05:05:45.396Z",
    "id": "028888cb-db49-4f22-b79c-2dc1204e9a2d",
    "isCompleted": true,
    "labels": Array [
      "evolve",
      "scale",
      "whiteboard",
      "innovate",
    ],
    "priority": "MEDIUM",
    "title": "sed in Ut esse adipisicing",
  },
  Object {
    "description": "Est explicabo nisi aut. Qui et tempora esse dolores et sit. Iste at debitis explicabo porro qui reiciendis qui.",
    "dueDate": "2023-06-01T16:24:12.401Z",
    "id": "24bb58d2-7c18-4fbd-84b1-d04c1134b18f",
    "isCompleted": true,
    "labels": Array [
      "morph",
      "monetize",
      "extend",
      "enhance",
      "envisioneer",
    ],
    "title": "in laborum irure",
  },
  Object {
    "description": "Vel voluptatem distinctio sit praesentium minus. Ipsum saepe ut sint ea id.",
    "dueDate": "2025-03-02T14:00:26.259Z",
    "id": "31b6c17f-9e16-44b1-938e-30b718b42c59",
    "isCompleted": true,
    "labels": Array [
      "disintermediate",
      "reinvent",
    ],
    "priority": "LOW",
    "title": "reprehenderit in sunt laborum laboris",
  },
  Object {
    "description": "Ipsa saepe pariatur voluptatem culpa iste accusamus. Veniam quidem vero dolor velit ad. Quam ratione quia eos doloremque.",
    "dueDate": "2026-01-11T00:06:15.212Z",
    "id": "02fc398a-a492-4d07-a85f-e8c3320d35ef",
    "isCompleted": false,
    "labels": Array [
      "monetize",
      "engineer",
      "mesh",
      "matrix",
      "grow",
    ],
    "priority": "HIGH",
    "title": "laboris Excepteur fugiat tempor",
  },
  Object {
    "dueDate": "2029-09-19T00:19:35.406Z",
    "id": "5d155aca-463e-418a-8e41-b5df97a7cc69",
    "isCompleted": true,
    "labels": Array [
      "enable",
      "orchestrate",
      "empower",
    ],
    "title": "proident pariatur",
  },
  Object {
    "description": "Perferendis eos maxime. Voluptate recusandae vel architecto laborum qui consequatur molestiae dolore. Sunt voluptatem dolores corporis eligendi minus ipsam dolor numquam. Earum quod modi dolor dolor modi laudantium cumque.",
    "dueDate": "2025-06-19T19:33:53.138Z",
    "id": "ba8105cd-f5b8-4ccd-bf44-174872e7045d",
    "isCompleted": true,
    "labels": Array [
      "incubate",
      "harness",
      "mesh",
      "optimize",
    ],
    "priority": "HIGH",
    "title": "irure sit est id",
  },
  Object {
    "description": "Distinctio impedit quis qui doloribus. Quos sapiente laboriosam.",
    "dueDate": "2022-02-01T15:16:32.357Z",
    "id": "03a81811-71bd-4f34-b171-9331b04442d0",
    "isCompleted": true,
    "labels": Array [
      "disintermediate",
      "facilitate",
      "evolve",
      "revolutionize",
    ],
    "priority": "HIGH",
    "title": "do dolor sint",
  },
  Object {
    "description": "Facilis autem sed illo praesentium non tenetur qui iusto. Excepturi minus quas eaque omnis.",
    "dueDate": "2020-03-03T00:40:14.406Z",
    "id": "c63623c3-907a-47ff-aa3c-80cc512008bc",
    "isCompleted": true,
    "labels": Array [
      "morph",
      "brand",
      "reinvent",
      "implement",
      "e-enable",
    ],
    "priority": "LOW",
    "title": "fugiat do reprehenderit in",
  },
  Object {
    "description": "Rerum sapiente ea. Rerum accusantium dolor.",
    "dueDate": "2028-08-06T01:41:26.972Z",
    "id": "80015308-a085-4efa-abbe-de05a936295f",
    "isCompleted": true,
    "labels": Array [
      "repurpose",
      "recontextualize",
      "disintermediate",
      "grow",
    ],
    "priority": "LOW",
    "title": "elit",
  },
  Object {
    "description": "Et ab voluptatum vitae voluptatem aut quia. Est perspiciatis sunt quos blanditiis ullam sunt. Qui corrupti quaerat et rerum sit ipsam. Explicabo est consequuntur optio.",
    "dueDate": "2022-08-13T16:52:04.336Z",
    "id": "250453a4-35a3-49d3-8ba6-7982e4244b6c",
    "isCompleted": false,
    "labels": Array [
      "architect",
      "utilize",
      "extend",
      "transition",
      "leverage",
    ],
    "priority": "LOW",
    "title": "deserunt",
  },
  Object {
    "description": "Libero aut sit et laborum est et porro. Nihil sit et facere ut harum repellat omnis. Eum harum atque in necessitatibus. Quo dolores inventore dolorem saepe explicabo dolorum.",
    "dueDate": "2026-11-14T15:57:31.874Z",
    "id": "4ba228c7-93e8-4b17-a452-241d1e6dfd45",
    "isCompleted": false,
    "labels": Array [
      "reinvent",
      "expedite",
      "transition",
      "mesh",
      "implement",
    ],
    "priority": "MEDIUM",
    "title": "commodo sed officia",
  },
  Object {
    "description": "Omnis voluptas qui accusamus quo qui et.",
    "dueDate": "2022-07-08T17:47:57.813Z",
    "id": "68dcf908-097c-458a-aafd-e3c5386244a5",
    "isCompleted": true,
    "labels": Array [
      "monetize",
      "engineer",
      "unleash",
      "architect",
    ],
    "priority": "LOW",
    "title": "ex",
  },
  Object {
    "description": "Mollitia soluta enim voluptatem sunt quia eligendi. Laudantium similique nobis consequuntur similique. Consequatur assumenda et quia assumenda maiores ea voluptatibus dolor quia.",
    "dueDate": "2025-01-03T19:08:22.472Z",
    "id": "23ba1732-d1f9-4313-b732-f95becae134f",
    "isCompleted": false,
    "labels": Array [
      "disintermediate",
      "utilize",
      "strategize",
      "recontextualize",
    ],
    "priority": "MEDIUM",
    "title": "Duis cillum commodo officia",
  },
  Object {
    "description": "Ex quis et dolore earum dignissimos. Saepe ut quis. Omnis quo molestias culpa.",
    "dueDate": "2022-09-09T06:44:59.894Z",
    "id": "e39fb75e-dd9c-49e5-8ecf-2a10dc77af14",
    "isCompleted": true,
    "labels": Array [
      "target",
      "optimize",
      "iterate",
      "generate",
      "extend",
    ],
    "priority": "LOW",
    "title": "exercitation dolore non enim sit",
  },
  Object {
    "description": "Et aperiam quas omnis. Ducimus impedit animi molestiae cum nisi consequatur. Nostrum perspiciatis ut magnam qui. Et ut pariatur non voluptatem nemo harum.",
    "dueDate": "2020-10-11T15:39:07.184Z",
    "id": "2046babf-f0ef-482f-85a8-4890c0638e4e",
    "isCompleted": false,
    "labels": Array [
      "redefine",
      "expedite",
      "incubate",
      "streamline",
      "disintermediate",
    ],
    "priority": "HIGH",
    "title": "in elit dolor minim",
  },
  Object {
    "description": "Assumenda iure amet illo incidunt quo nobis. Non inventore laborum dignissimos praesentium rerum. Dolor minima rerum quis molestiae fugiat. Ut voluptatem debitis vel consequatur.",
    "dueDate": "2021-01-03T15:44:10.548Z",
    "id": "3a92dce4-a655-47f2-846c-6fdbd4d99e43",
    "isCompleted": false,
    "labels": Array [
      "reinvent",
      "redefine",
      "embrace",
    ],
    "priority": "LOW",
    "title": "ullamco dolor Excepteur nulla sit",
  },
  Object {
    "description": "Quidem est odit similique aut dolore. Perspiciatis minima dolores ut aut non eligendi ipsam dolor.",
    "dueDate": "2020-08-12T07:45:36.579Z",
    "id": "28438f57-43a2-4237-9164-556aa7847ad7",
    "isCompleted": true,
    "labels": Array [
      "architect",
      "innovate",
    ],
    "priority": "MEDIUM",
    "title": "in elit dolor",
  },
  Object {
    "description": "Quia consequuntur nam tempore rerum qui vitae dolorem culpa. Cumque nihil vel voluptates iste quia distinctio asperiores.",
    "dueDate": "2023-04-18T15:01:23.248Z",
    "id": "03c53d2a-a1e9-4843-8b0e-2bfc0e48ce9c",
    "isCompleted": false,
    "labels": Array [
      "synthesize",
      "harness",
      "visualize",
    ],
    "priority": "LOW",
    "title": "eu irure enim",
  },
  Object {
    "description": "Qui facere magnam enim est eaque eaque ducimus quia. Rem mollitia quia non tempore nisi.",
    "dueDate": "2025-03-27T02:07:00.824Z",
    "id": "13b1b4ed-0101-493b-8864-dd99c9e4cc49",
    "isCompleted": true,
    "labels": Array [
      "deliver",
      "utilize",
    ],
    "title": "tempor cillum aliquip",
  },
  Object {
    "description": "Eaque quo consequuntur est necessitatibus. Debitis eum et. Incidunt aliquam architecto velit.",
    "dueDate": "2028-02-14T05:23:48.812Z",
    "id": "86fcded1-01fe-4f41-b800-517d6004b7c4",
    "isCompleted": false,
    "labels": Array [
      "matrix",
      "matrix",
    ],
    "title": "occaecat sed ut ipsum deserunt",
  },
  Object {
    "description": "Fuga pariatur dolore repellendus nobis et iste qui magnam ea. Adipisci totam saepe suscipit. Suscipit maiores repudiandae quasi voluptas vel ratione. Aut eligendi saepe.",
    "dueDate": "2029-09-19T19:33:37.421Z",
    "id": "91438265-7187-44a7-9dae-c2ea48dac3f8",
    "isCompleted": false,
    "labels": Array [
      "orchestrate",
      "revolutionize",
      "cultivate",
      "scale",
    ],
    "title": "in in",
  },
  Object {
    "description": "Sunt molestiae dolore aut temporibus. Ut veritatis molestias at dolores ipsum deserunt quod.",
    "dueDate": "2027-03-20T16:25:10.875Z",
    "id": "fe623ab8-b6fb-41be-925b-cfc3fbfce4ee",
    "isCompleted": true,
    "labels": Array [
      "revolutionize",
      "optimize",
      "reintermediate",
      "architect",
      "embrace",
    ],
    "priority": "MEDIUM",
    "title": "esse amet sit exercitation",
  },
  Object {
    "dueDate": "2022-06-30T16:14:44.446Z",
    "id": "ac058eb4-8f96-4dc3-b890-946dbad5b0d2",
    "isCompleted": true,
    "labels": Array [
      "scale",
      "reinvent",
      "enable",
    ],
    "title": "mollit reprehenderit veniam",
  },
  Object {
    "description": "Doloribus reiciendis eaque rerum optio. Neque enim autem eveniet.",
    "dueDate": "2028-08-27T20:56:13.946Z",
    "id": "9a323f5c-968c-488d-bdbd-cb0604ffb0d9",
    "isCompleted": true,
    "labels": Array [
      "embrace",
      "generate",
    ],
    "priority": "HIGH",
    "title": "ut exercitation laborum non Excepteur",
  },
  Object {
    "description": "Earum et eaque quia qui aut ut eligendi sunt cupiditate. Eum aut hic sit repudiandae corrupti vel voluptatem. Assumenda et sed quia facere dolorum et explicabo eos sequi. Vel et illum.",
    "dueDate": "2020-06-22T07:26:09.440Z",
    "id": "64fa5ea6-80c4-42ff-99cc-ba95e0a7fed2",
    "isCompleted": true,
    "labels": Array [
      "extend",
    ],
    "priority": "HIGH",
    "title": "Excepteur consectetur proident",
  },
  Object {
    "description": "Dolores aliquid eum laborum id incidunt eaque. Aut unde et voluptatibus excepturi debitis vel voluptas vitae eaque. Delectus alias nihil nisi molestiae voluptas vel repudiandae harum.",
    "dueDate": "2029-08-24T04:00:02.505Z",
    "id": "ec01e671-dc4b-4ccc-911e-5d69cba5b7c2",
    "isCompleted": true,
    "labels": Array [
      "drive",
      "target",
      "embrace",
      "drive",
      "syndicate",
    ],
    "priority": "MEDIUM",
    "title": "amet non sed",
  },
  Object {
    "description": "Voluptatum dolore sit. Omnis qui ut repellat non cum placeat et.",
    "dueDate": "2026-09-25T03:16:07.170Z",
    "id": "e3d05882-aedd-4fc4-97c1-cffdc778a624",
    "isCompleted": false,
    "labels": Array [
      "integrate",
      "implement",
    ],
    "priority": "HIGH",
    "title": "dolor",
  },
  Object {
    "description": "Soluta nihil officia ut sapiente est omnis accusamus. Iste officiis inventore fugiat cupiditate perspiciatis. Aliquid aliquid commodi dicta omnis earum officiis quis nihil officia. Ad quia et.",
    "dueDate": "2021-03-25T18:22:43.745Z",
    "id": "7f9657c5-91d7-49d2-9c3d-2cb7da7c0442",
    "isCompleted": true,
    "labels": Array [
      "transition",
      "productize",
      "brand",
    ],
    "priority": "LOW",
    "title": "dolor aute veniam",
  },
  Object {
    "description": "Ut aut quisquam voluptatum sit est aut suscipit voluptatum. Nulla blanditiis eum magnam sit et ut neque voluptates debitis.",
    "dueDate": "2022-04-12T02:51:26.621Z",
    "id": "b38ec7be-923b-4027-83b3-9836c80439d9",
    "isCompleted": true,
    "labels": Array [
      "generate",
      "aggregate",
      "strategize",
      "incubate",
      "integrate",
    ],
    "priority": "HIGH",
    "title": "pariatur nostrud ex sed elit",
  },
  Object {
    "description": "Et autem ut maiores consequatur dolorem occaecati vel. Repellendus officiis et. Cupiditate autem possimus adipisci vel atque. Et placeat fugiat qui repellat modi aliquid.",
    "dueDate": "2022-01-08T06:31:26.430Z",
    "id": "5f07ea23-c9bc-4030-b585-7881a8accc0d",
    "isCompleted": false,
    "labels": Array [
      "transition",
      "visualize",
      "strategize",
      "empower",
      "matrix",
    ],
    "priority": "LOW",
    "title": "Ut ut",
  },
  Object {
    "description": "Eos reprehenderit alias deleniti quo maiores molestiae dolorem modi fugit. Est corrupti ut aut dolorem dolor qui magni sed. Rem est odit ducimus explicabo laboriosam in consequatur earum quis. Distinctio quisquam nihil sed.",
    "dueDate": "2022-03-02T20:03:40.794Z",
    "id": "681bf08d-651a-4164-adcf-7bfdcc6fe68d",
    "isCompleted": false,
    "labels": Array [
      "mesh",
      "iterate",
      "transform",
    ],
    "priority": "HIGH",
    "title": "laboris cupidatat velit",
  },
  Object {
    "description": "Aut officiis aut velit deserunt tenetur explicabo sunt placeat. Tempore illum amet culpa quidem. Similique et dolore suscipit impedit qui magnam ut.",
    "dueDate": "2022-07-27T01:55:24.937Z",
    "id": "cb4438c2-fd5a-468a-9439-d818ec98f548",
    "isCompleted": false,
    "labels": Array [
      "matrix",
      "exploit",
    ],
    "priority": "HIGH",
    "title": "Excepteur mollit enim adipisicing qui",
  },
  Object {
    "description": "Ut maxime nobis nam sunt ea et rerum et natus. Iure in quam ea doloremque ea porro vero porro excepturi.",
    "dueDate": "2023-11-19T11:21:42.679Z",
    "id": "2b0f9cc7-e001-4f35-b031-db35e93d6629",
    "isCompleted": true,
    "labels": Array [
      "matrix",
      "exploit",
    ],
    "title": "non id",
  },
  Object {
    "description": "Modi voluptate et omnis asperiores.",
    "dueDate": "2026-10-23T19:55:06.596Z",
    "id": "1f0d05b4-7257-41f2-94d7-3e0505eb7794",
    "isCompleted": true,
    "labels": Array [
      "redefine",
      "orchestrate",
      "brand",
    ],
    "priority": "HIGH",
    "title": "adipisicing aliquip",
  },
  Object {
    "description": "Nostrum placeat modi consequatur dolores voluptates iusto.",
    "dueDate": "2027-03-30T00:50:18.846Z",
    "id": "8bde44e6-a4aa-43a2-a4ee-7decb0fbc53f",
    "isCompleted": false,
    "labels": Array [
      "visualize",
      "orchestrate",
    ],
    "priority": "LOW",
    "title": "pariatur Duis",
  },
  Object {
    "description": "Quibusdam neque eius quaerat assumenda cum quia accusamus.",
    "dueDate": "2023-05-15T20:37:43.832Z",
    "id": "23fe6592-389e-43cd-ae42-38eb45267195",
    "isCompleted": false,
    "labels": Array [
      "orchestrate",
      "synthesize",
      "utilize",
      "scale",
      "evolve",
    ],
    "priority": "LOW",
    "title": "do Ut tempor dolore occaecat",
  },
  Object {
    "description": "Et et blanditiis veritatis et dolorem. Tenetur ipsum eius in quas id et aperiam dolores. Numquam et quibusdam.",
    "dueDate": "2021-08-12T20:12:54.652Z",
    "id": "130b94dd-d359-4202-81fb-a6a24bb9773a",
    "isCompleted": true,
    "labels": Array [
      "repurpose",
      "grow",
    ],
    "priority": "HIGH",
    "title": "Lag foredrag til kick-off",
  },
  Object {
    "description": "Exercitationem repellendus enim. Recusandae ut sed quasi minima sit eum et.",
    "dueDate": "2024-06-30T11:09:11.938Z",
    "id": "463aebcb-2c07-4181-bcc6-c5065b5a0bd9",
    "isCompleted": false,
    "labels": Array [
      "extend",
    ],
    "priority": "LOW",
    "title": "dolor",
  },
  Object {
    "description": "Sint voluptas officia atque quidem accusantium et nemo eum. Libero ipsam suscipit quia impedit nostrum maiores tenetur. Dicta consequatur laudantium minima inventore omnis ut ipsam ratione dolorem. Sint voluptatem nihil eligendi quod ut velit consequatur.",
    "dueDate": "2024-03-01T03:54:09.565Z",
    "id": "e6873747-d5a7-476e-8298-3a8f9004803c",
    "isCompleted": true,
    "labels": Array [
      "synergize",
    ],
    "priority": "HIGH",
    "title": "pariatur dolore id",
  },
  Object {
    "description": "Eos voluptate eaque. Incidunt minus modi sed est est vel. Dolorem voluptate voluptatum.",
    "dueDate": "2026-10-10T14:52:48.467Z",
    "id": "1ccef813-7b94-4d72-859d-b872cd7e5b4f",
    "isCompleted": true,
    "labels": Array [
      "evolve",
      "cultivate",
    ],
    "title": "laboris enim",
  },
  Object {
    "description": "Aut libero quis accusamus at. Inventore doloremque ratione enim excepturi dolorum excepturi voluptatem qui non. Ut libero ea iure.",
    "dueDate": "2020-02-04T14:52:35.266Z",
    "id": "c23e1c88-05dd-4586-b4cd-a66a022099e8",
    "isCompleted": true,
    "labels": Array [
      "enhance",
    ],
    "priority": "LOW",
    "title": "labore sed in",
  },
  Object {
    "description": "Quo provident molestiae harum ullam pariatur quos.",
    "dueDate": "2026-12-19T04:50:47.711Z",
    "id": "b463b8bb-76cf-46a9-b266-5ab5730b69ba",
    "isCompleted": true,
    "labels": Array [
      "leverage",
      "deploy",
      "leverage",
    ],
    "priority": "MEDIUM",
    "title": "cupidatat ex in sed",
  },
  Object {
    "description": "Enim libero voluptate exercitationem ipsam.",
    "dueDate": "2026-06-07T20:21:04.445Z",
    "id": "5c1d7df6-6c37-4062-b519-6af0be734208",
    "isCompleted": true,
    "labels": Array [
      "engage",
      "whiteboard",
    ],
    "priority": "MEDIUM",
    "title": "in culpa",
  },
  Object {
    "description": "Temporibus sed eum distinctio amet voluptates consequatur. Quas cupiditate voluptatibus alias delectus blanditiis laborum. Sit accusantium aut voluptatem dolores minima corporis illum suscipit ut. Tempora sunt beatae sunt aut dignissimos et velit est.",
    "dueDate": "2027-09-12T21:04:25.445Z",
    "id": "82d3b994-03ff-4677-86a1-126ae5f671e0",
    "isCompleted": false,
    "labels": Array [
      "target",
      "grow",
    ],
    "priority": "HIGH",
    "title": "aliqua",
  },
  Object {
    "description": "Nihil dignissimos culpa eaque facere ipsa. Sit laudantium rerum temporibus et aut. Dolorem laborum assumenda quia totam. Molestiae commodi sit eos.",
    "dueDate": "2026-10-01T21:40:47.703Z",
    "id": "0011a56f-2754-4c5b-b16b-35df7243e757",
    "isCompleted": true,
    "labels": Array [
      "iterate",
      "optimize",
      "integrate",
      "synthesize",
      "repurpose",
    ],
    "priority": "LOW",
    "title": "sit Lorem",
  },
  Object {
    "description": "Facere et reiciendis cum laudantium id rerum sapiente ut.",
    "dueDate": "2025-12-23T09:17:52.945Z",
    "id": "a193e5ec-f219-4bf5-8b78-cf17916ae745",
    "isCompleted": true,
    "labels": Array [
      "visualize",
      "maximize",
    ],
    "priority": "MEDIUM",
    "title": "in ut velit sunt",
  },
  Object {
    "description": "Minima sunt ad hic. Quis facilis maxime facere sed similique sunt et est ad.",
    "dueDate": "2028-01-25T04:37:52.814Z",
    "id": "4aea90e3-3747-460e-97f5-4fa8ac914694",
    "isCompleted": true,
    "labels": Array [
      "repurpose",
      "envisioneer",
    ],
    "priority": "LOW",
    "title": "deserunt",
  },
  Object {
    "description": "Minima doloremque non vel maxime odit recusandae.",
    "dueDate": "2024-01-20T18:30:43.323Z",
    "id": "0042dfd3-ad45-478e-b124-50f292758b44",
    "isCompleted": false,
    "labels": Array [
      "mesh",
      "incubate",
      "innovate",
      "reintermediate",
    ],
    "priority": "MEDIUM",
    "title": "Lorem cillum consequat Duis aliquip",
  },
  Object {
    "description": "Nostrum fugiat dolorem fugiat est repudiandae dolores et dolor eius.",
    "dueDate": "2028-09-07T12:44:22.179Z",
    "id": "ff247c88-14a0-4945-a6fc-45ffee612dba",
    "isCompleted": true,
    "labels": Array [
      "unleash",
      "streamline",
    ],
    "priority": "LOW",
    "title": "laboris irure Excepteur consectetur",
  },
  Object {
    "description": "Quis iure doloribus qui natus quae.",
    "dueDate": "2029-01-08T15:10:53.716Z",
    "id": "bea1728b-d0bd-4354-b706-3415236674ef",
    "isCompleted": false,
    "labels": Array [
      "benchmark",
      "utilize",
      "repurpose",
      "syndicate",
    ],
    "priority": "HIGH",
    "title": "pariatur ad",
  },
  Object {
    "description": "Voluptatem unde est nihil debitis tempore voluptas vel. Quam ex doloribus et blanditiis dolores veniam aut.",
    "dueDate": "2028-06-25T12:52:09.086Z",
    "id": "a8417a0a-597e-4439-b41a-c99dc35cfd20",
    "isCompleted": true,
    "labels": Array [
      "expedite",
      "strategize",
      "productize",
    ],
    "priority": "HIGH",
    "title": "sed fugiat minim dolore",
  },
  Object {
    "description": "Modi aliquid autem omnis aut expedita nam natus consectetur. Voluptatum quia delectus voluptas doloremque et voluptatem.",
    "dueDate": "2027-04-30T23:25:52.711Z",
    "id": "3a7e6d6b-198a-47ba-a870-70cb0b1f8e77",
    "isCompleted": true,
    "labels": Array [
      "embrace",
      "benchmark",
      "matrix",
    ],
    "priority": "HIGH",
    "title": "dolore nulla",
  },
  Object {
    "description": "Tenetur omnis expedita error. Et est ea sed occaecati rem velit consequatur doloremque.",
    "dueDate": "2025-07-11T05:03:44.386Z",
    "id": "3841b98a-598b-4b1e-b913-1b8c732d67dc",
    "isCompleted": true,
    "labels": Array [
      "unleash",
      "enhance",
      "enable",
    ],
    "priority": "MEDIUM",
    "title": "ipsum",
  },
  Object {
    "description": "Reprehenderit provident enim pariatur iure optio iste. Perferendis qui pariatur nulla et tempora omnis.",
    "dueDate": "2021-09-03T01:20:43.020Z",
    "id": "d1ec8014-095c-4ebf-8df2-16f3133aa795",
    "isCompleted": false,
    "labels": Array [
      "facilitate",
      "transform",
      "deploy",
      "deliver",
      "productize",
    ],
    "priority": "LOW",
    "title": "et quis",
  },
  Object {
    "description": "Praesentium nostrum quam id.",
    "dueDate": "2024-02-16T11:26:21.275Z",
    "id": "ffb41ae7-1e6b-4867-8ace-089b0dcc0ed9",
    "isCompleted": true,
    "labels": Array [
      "whiteboard",
      "incubate",
      "recontextualize",
      "seize",
    ],
    "priority": "MEDIUM",
    "title": "Husk å ta med mac til kick off",
  },
  Object {
    "description": "Nesciunt rem rerum rerum ab suscipit cumque rerum et.",
    "dueDate": "2025-01-16T19:38:06.111Z",
    "id": "419562ef-3f80-43bc-94af-4e27203fcaa7",
    "isCompleted": true,
    "labels": Array [
      "harness",
      "maximize",
      "incubate",
    ],
    "priority": "HIGH",
    "title": "velit do magna in exercitation",
  },
  Object {
    "description": "Numquam minus vero.",
    "dueDate": "2022-04-13T09:51:03.230Z",
    "id": "6aa90324-62a6-4a23-922f-253751deea88",
    "isCompleted": true,
    "labels": Array [
      "extend",
      "strategize",
      "visualize",
    ],
    "priority": "MEDIUM",
    "title": "proident aute ea dolor",
  },
  Object {
    "description": "Eligendi odit in sit sed laborum nulla tempora consequatur. Id nihil blanditiis eius fugit odit blanditiis architecto a amet. Qui accusantium placeat corporis qui rem eaque vero.",
    "dueDate": "2022-10-04T17:03:08.685Z",
    "id": "127e30bb-8f91-4984-a146-a419c393f552",
    "isCompleted": false,
    "labels": Array [
      "expedite",
      "synergize",
      "recontextualize",
      "revolutionize",
    ],
    "priority": "MEDIUM",
    "title": "reprehenderit amet adipisicing ex",
  },
  Object {
    "description": "Ab molestiae aut sit voluptatem. Deserunt velit quasi iusto.",
    "dueDate": "2021-06-19T04:01:56.086Z",
    "id": "fe23a130-9ca0-4d38-bd11-950075908fa9",
    "isCompleted": true,
    "labels": Array [
      "orchestrate",
      "synergize",
      "repurpose",
      "engage",
      "utilize",
    ],
    "title": "veniam",
  },
  Object {
    "description": "Aut explicabo aut. Explicabo alias hic dolor eum similique dicta. Harum deleniti quia et quaerat qui quibusdam et.",
    "dueDate": "2026-12-27T01:47:48.850Z",
    "id": "9d09f9a5-fa4d-4657-bfa2-c4a92b8c6eac",
    "isCompleted": true,
    "labels": Array [
      "expedite",
      "utilize",
      "evolve",
      "orchestrate",
      "enable",
    ],
    "priority": "LOW",
    "title": "veniam laboris velit",
  },
  Object {
    "description": "Autem voluptas a molestiae dolorem repellat. Et rem quod eos. Assumenda dolorem iste quas nesciunt optio reprehenderit beatae quisquam temporibus. Dolor eaque ipsam qui tempore.",
    "dueDate": "2021-04-30T20:35:12.167Z",
    "id": "c860e0aa-70d8-464a-b99d-43762e2b191b",
    "isCompleted": true,
    "labels": Array [
      "mesh",
      "empower",
    ],
    "priority": "LOW",
    "title": "adipisicing",
  },
  Object {
    "description": "Qui autem ullam debitis molestias eos qui consequatur est. Aut debitis nulla atque.",
    "dueDate": "2025-05-03T04:52:02.792Z",
    "id": "dfd44350-5db7-4547-809d-4fa91c862da0",
    "isCompleted": true,
    "labels": Array [
      "scale",
    ],
    "priority": "MEDIUM",
    "title": "velit quis dolore est",
  },
  Object {
    "description": "Laudantium maxime ipsa. Debitis sunt et. Culpa velit id quis sit et rem necessitatibus alias consequatur.",
    "dueDate": "2025-02-20T04:42:27.448Z",
    "id": "643a7cdf-1716-4645-80f3-9eafb866304d",
    "isCompleted": true,
    "labels": Array [
      "benchmark",
      "incubate",
    ],
    "priority": "HIGH",
    "title": "quis in irure eu",
  },
  Object {
    "description": "Qui explicabo ad.",
    "dueDate": "2026-12-27T09:50:10.580Z",
    "id": "87a6daca-ce71-4f82-91a1-a45b08b4007b",
    "isCompleted": false,
    "labels": Array [
      "innovate",
      "productize",
      "morph",
    ],
    "priority": "MEDIUM",
    "title": "quis",
  },
  Object {
    "description": "Pariatur iusto quis. Amet sequi modi fugit est est qui incidunt odit.",
    "dueDate": "2028-05-19T02:04:58.322Z",
    "id": "5892537c-dfdf-4082-a515-790ee6a1bc41",
    "isCompleted": false,
    "labels": Array [
      "reintermediate",
      "integrate",
      "transform",
      "recontextualize",
    ],
    "priority": "HIGH",
    "title": "Få deg noe kaldt å drikke etter kick-off-foredraget",
  },
  Object {
    "description": "Ut eligendi ut et facere laboriosam molestiae. Voluptatem rerum debitis placeat ipsum non natus.",
    "dueDate": "2022-02-12T05:09:30.351Z",
    "id": "af2deb97-08a9-4330-88dd-bd215a4b54cf",
    "isCompleted": true,
    "labels": Array [
      "productize",
      "morph",
      "streamline",
      "optimize",
    ],
    "priority": "HIGH",
    "title": "cupidatat",
  },
  Object {
    "description": "Sed vel voluptas enim. Et dignissimos alias. Officia aut quidem ex. Temporibus numquam eum similique sunt corrupti libero voluptatem nisi.",
    "dueDate": "2025-10-31T05:30:11.013Z",
    "id": "3720d6a6-49b4-4404-ab1b-2d1dc88409e4",
    "isCompleted": true,
    "labels": Array [
      "deploy",
    ],
    "priority": "HIGH",
    "title": "sint aliqua Duis commodo",
  },
  Object {
    "description": "Molestias cumque voluptatibus sit.",
    "dueDate": "2024-01-02T23:17:37.095Z",
    "id": "cd0c5ef1-2289-40b8-bc0f-d0c7eb4f84ba",
    "isCompleted": true,
    "labels": Array [
      "benchmark",
      "morph",
    ],
    "priority": "HIGH",
    "title": "aliquip nulla aliqua ex occaecat",
  },
  Object {
    "description": "Velit et delectus officiis quia provident tenetur perspiciatis autem.",
    "dueDate": "2020-01-05T04:21:52.515Z",
    "id": "e95eb2ed-1295-4e4f-86e6-cffb4d1c1aa6",
    "isCompleted": true,
    "labels": Array [
      "productize",
      "synergize",
      "brand",
      "visualize",
    ],
    "priority": "HIGH",
    "title": "id nisi in incididunt",
  },
  Object {
    "description": "Quia tempore minima modi ea fuga non et. Itaque vel aspernatur qui ipsum quas.",
    "dueDate": "2024-01-21T16:35:28.821Z",
    "id": "4ece464c-cf54-46ab-a24b-d5ade9d082bc",
    "isCompleted": false,
    "labels": Array [
      "embrace",
      "architect",
      "productize",
      "utilize",
    ],
    "priority": "HIGH",
    "title": "tempor consectetur laboris laborum",
  },
  Object {
    "description": "Saepe ullam et fuga odio qui ut asperiores tempora quo. Velit illo iste.",
    "dueDate": "2028-03-21T01:20:00.773Z",
    "id": "8ae83f65-825d-4582-b28d-ab272c6243f9",
    "isCompleted": true,
    "labels": Array [
      "strategize",
      "transform",
      "cultivate",
      "whiteboard",
      "embrace",
    ],
    "priority": "HIGH",
    "title": "officia Duis Excepteur aliquip",
  },
  Object {
    "description": "Labore quas ut quod qui. Voluptatibus blanditiis pariatur distinctio aut. Perferendis aut maxime voluptates sint ratione. Consequatur officia nihil incidunt totam repellendus eum doloremque explicabo.",
    "dueDate": "2024-07-02T03:16:28.614Z",
    "id": "4e22734a-fc02-45f9-85b7-c6f15a5d18d2",
    "isCompleted": true,
    "labels": Array [
      "envisioneer",
      "grow",
      "evolve",
      "implement",
      "reinvent",
    ],
    "priority": "LOW",
    "title": "qui aliqua",
  },
  Object {
    "description": "Magnam debitis aliquid beatae nisi dignissimos quidem dignissimos. Vero voluptas ut.",
    "dueDate": "2028-03-26T06:22:18.760Z",
    "id": "2dbabfc3-5a57-4cb6-ab89-f571513ec78f",
    "isCompleted": true,
    "labels": Array [
      "generate",
    ],
    "priority": "HIGH",
    "title": "ad ex dolor Duis sunt",
  },
  Object {
    "description": "Rem officiis consequuntur assumenda architecto cum nam tempora. Ipsa molestiae ut iure enim itaque deleniti qui et. Corporis voluptate et suscipit incidunt quasi.",
    "dueDate": "2023-07-11T21:48:01.510Z",
    "id": "028b4f3b-61fb-446d-93fb-b490de58af7b",
    "isCompleted": true,
    "labels": Array [
      "embrace",
      "aggregate",
      "deliver",
      "reintermediate",
    ],
    "priority": "MEDIUM",
    "title": "incididunt consectetur minim",
  },
  Object {
    "description": "Neque dolorem animi maiores et aliquid voluptatibus dolorem beatae. Molestiae consequatur sed. Qui voluptates unde velit explicabo accusantium exercitationem illum molestiae et.",
    "dueDate": "2021-09-16T23:05:10.114Z",
    "id": "6d057889-9840-4efa-a538-4784e4f94b98",
    "isCompleted": false,
    "labels": Array [
      "engineer",
      "facilitate",
      "disintermediate",
      "benchmark",
    ],
    "priority": "MEDIUM",
    "title": "officia ipsum",
  },
  Object {
    "description": "Delectus ut repellendus officia dignissimos quo similique nihil est. Modi accusamus eius aut natus eaque cum in excepturi pariatur. Qui iure quasi officia aut. Quas reiciendis pariatur.",
    "dueDate": "2027-05-15T02:36:15.925Z",
    "id": "f9b3c88f-fab7-4641-af7e-2a68890e0e84",
    "isCompleted": true,
    "labels": Array [
      "integrate",
      "envisioneer",
      "brand",
      "integrate",
      "cultivate",
    ],
    "priority": "HIGH",
    "title": "nisi amet ipsum culpa consectetur",
  },
  Object {
    "description": "Voluptatibus minus et ea est officia. Voluptates commodi explicabo quo.",
    "dueDate": "2027-09-20T20:28:05.776Z",
    "id": "77ba5337-6fce-4a57-b484-d3e9919c67df",
    "isCompleted": false,
    "labels": Array [
      "innovate",
      "enhance",
      "disintermediate",
      "whiteboard",
      "empower",
    ],
    "priority": "MEDIUM",
    "title": "fugiat irure ipsum dolore",
  },
  Object {
    "description": "Commodi ut dolor et ut debitis tempora repellendus qui. Qui quia in quod occaecati minus.",
    "dueDate": "2020-10-30T06:53:35.140Z",
    "id": "cc2bc305-bf91-4ed9-a434-979a0ebb0f80",
    "isCompleted": false,
    "labels": Array [
      "integrate",
    ],
    "priority": "MEDIUM",
    "title": "ad ipsum officia",
  },
  Object {
    "description": "Possimus quo consequatur non. Molestiae assumenda est nisi perspiciatis.",
    "dueDate": "2027-03-15T04:33:46.565Z",
    "id": "f42bc390-ec4d-412f-8657-9898e69ed26a",
    "isCompleted": true,
    "labels": Array [
      "reintermediate",
    ],
    "priority": "HIGH",
    "title": "non",
  },
  Object {
    "description": "Est dignissimos magnam aut accusamus reiciendis natus. Quia qui itaque officiis numquam eius est aut. Dolores reiciendis quidem ea recusandae debitis mollitia fugiat. Dolor et similique odio dolorem.",
    "dueDate": "2021-11-16T19:04:14.381Z",
    "id": "e62330b7-d598-476b-ac47-d32a7e14a6e7",
    "isCompleted": false,
    "labels": Array [
      "maximize",
      "whiteboard",
      "visualize",
    ],
    "title": "Husk å hold deg til å prate i 10 minutter under kick-offen.",
  },
  Object {
    "description": "Alias libero magni laudantium non vitae vero reprehenderit.",
    "dueDate": "2025-01-18T09:53:58.811Z",
    "id": "5870a536-bbeb-4969-a0b7-6e934f0ebea3",
    "isCompleted": true,
    "labels": Array [
      "evolve",
      "e-enable",
    ],
    "priority": "HIGH",
    "title": "in nisi aute dolore qui",
  },
  Object {
    "description": "Dolorem aut quisquam voluptatem eos aspernatur placeat omnis sit velit. Quaerat perferendis exercitationem iste magnam ut. Odio totam sed doloremque illum aut sit. Voluptas voluptatem perferendis incidunt.",
    "dueDate": "2027-02-18T02:18:55.500Z",
    "id": "aabcf99f-d1fb-4a1a-8267-fbc5c190da60",
    "isCompleted": false,
    "labels": Array [
      "engineer",
      "target",
      "incubate",
    ],
    "priority": "HIGH",
    "title": "proident",
  },
  Object {
    "description": "Quas ea ipsam vel ea.",
    "dueDate": "2026-05-04T23:07:29.869Z",
    "id": "36bf6ed5-e094-4a7e-9fa0-5f58e24b9a8d",
    "isCompleted": false,
    "labels": Array [
      "incentivize",
      "target",
      "enable",
      "cultivate",
      "facilitate",
    ],
    "priority": "HIGH",
    "title": "minim Excepteur ea eu ex",
  },
  Object {
    "description": "Quia est non dolorem qui qui illum officiis dolores. Quod ad magnam et eius commodi. Et quam vero asperiores fugiat eum dolores totam.",
    "dueDate": "2024-11-20T09:39:38.260Z",
    "id": "00fff484-1745-4a2a-a288-1ab156fb1701",
    "isCompleted": true,
    "labels": Array [
      "incentivize",
      "exploit",
      "facilitate",
      "evolve",
      "engineer",
    ],
    "priority": "LOW",
    "title": "do elit",
  },
  Object {
    "description": "Laudantium dicta itaque cum fuga nemo quis et at praesentium.",
    "dueDate": "2028-06-18T02:54:42.561Z",
    "id": "1ee2a2b8-0d5b-4841-b23b-949210a11500",
    "isCompleted": true,
    "labels": Array [
      "exploit",
      "visualize",
    ],
    "priority": "HIGH",
    "title": "ut do cupidatat",
  },
  Object {
    "description": "Dicta nostrum est eveniet ut et voluptas consequuntur.",
    "dueDate": "2024-01-04T19:50:32.038Z",
    "id": "3d7b3a9f-de06-4db2-8bbe-77922ab00d00",
    "isCompleted": false,
    "labels": Array [
      "mesh",
    ],
    "priority": "HIGH",
    "title": "nisi dolore laborum nostrud",
  },
  Object {
    "description": "Magni aut veniam at id fugit voluptatem voluptas. Est quasi explicabo nesciunt distinctio rerum. Occaecati accusantium explicabo.",
    "dueDate": "2029-11-22T21:17:44.626Z",
    "id": "24bbb27b-948e-4723-81b6-2db4eab45444",
    "isCompleted": false,
    "labels": Array [
      "implement",
    ],
    "priority": "MEDIUM",
    "title": "qui dolor eu dolore adipisicing",
  },
  Object {
    "description": "Laudantium cum sit omnis praesentium nam quas nisi adipisci molestias. Magni eum neque eos quia at facilis. Animi sed omnis vitae provident expedita cum corporis. Sed recusandae dolorem.",
    "dueDate": "2028-12-01T09:10:22.235Z",
    "id": "3505a8c6-64ab-4acc-95c3-b73fb148bf18",
    "isCompleted": true,
    "labels": Array [
      "strategize",
      "matrix",
      "disintermediate",
      "engineer",
      "integrate",
    ],
    "priority": "MEDIUM",
    "title": "sunt",
  },
  Object {
    "description": "Aut repudiandae molestiae eos magni hic occaecati. Architecto officia doloremque ut similique eligendi. Est dolore neque similique quae autem. Cum voluptatem ut.",
    "dueDate": "2024-02-27T18:32:04.645Z",
    "id": "c95b2049-3358-4a4b-9d19-5812819f3414",
    "isCompleted": false,
    "labels": Array [
      "drive",
    ],
    "priority": "MEDIUM",
    "title": "id nulla tempor",
  },
  Object {
    "description": "Nihil quidem consequatur et debitis. Incidunt modi consequatur.",
    "dueDate": "2020-12-03T20:54:59.140Z",
    "id": "0485c51b-2b22-426b-9518-90ecc06f8fa0",
    "isCompleted": true,
    "labels": Array [
      "deploy",
      "optimize",
      "enhance",
      "deliver",
    ],
    "priority": "HIGH",
    "title": "quis adipisicing",
  },
  Object {
    "description": "Omnis asperiores debitis et eligendi voluptate reprehenderit. Necessitatibus voluptate ea.",
    "dueDate": "2028-03-04T05:48:46.881Z",
    "id": "c37e4566-7aac-45cd-908c-5132f891f873",
    "isCompleted": false,
    "labels": Array [
      "seize",
    ],
    "priority": "MEDIUM",
    "title": "fugiat",
  },
  Object {
    "description": "Consequatur magnam ut rerum fugit quia dolorem.",
    "dueDate": "2024-03-07T02:51:31.716Z",
    "id": "7fab6441-3b35-4b18-9e12-377eca684737",
    "isCompleted": true,
    "labels": Array [
      "seize",
      "visualize",
    ],
    "priority": "HIGH",
    "title": "ad elit",
  },
  Object {
    "description": "Ex qui consectetur.",
    "dueDate": "2028-01-22T19:22:35.079Z",
    "id": "6bf992dc-9a59-4074-a43d-d03eeb25aa66",
    "isCompleted": true,
    "labels": Array [
      "benchmark",
      "productize",
    ],
    "priority": "LOW",
    "title": "sunt commodo in dolor quis",
  },
  Object {
    "description": "Nulla praesentium voluptas at. Aut quidem tenetur sapiente qui.",
    "dueDate": "2027-11-09T23:35:54.792Z",
    "id": "7e86f223-c8ba-419c-9abd-c009767e1926",
    "isCompleted": true,
    "labels": Array [
      "engineer",
      "recontextualize",
      "engage",
    ],
    "priority": "LOW",
    "title": "elit nisi",
  },
  Object {
    "description": "Praesentium minima nobis nihil suscipit natus asperiores aliquid. Commodi adipisci nesciunt aspernatur modi earum ex rerum. Dolorum saepe sit. Tempora facere et laudantium officiis dolore.",
    "dueDate": "2021-08-29T18:10:05.114Z",
    "id": "4cffef2c-f6c1-483e-9ee6-8a8a6502a724",
    "isCompleted": false,
    "labels": Array [
      "synthesize",
      "facilitate",
      "mesh",
    ],
    "priority": "LOW",
    "title": "sed dolor sit exercitation",
  },
  Object {
    "description": "Commodi ullam earum et reprehenderit inventore quia sit veritatis harum. Ut autem vero voluptas et architecto vitae dolores quis in.",
    "dueDate": "2023-08-25T22:27:11.482Z",
    "id": "ab87199b-d95b-4d9d-bc46-a159c6b5528a",
    "isCompleted": false,
    "labels": Array [
      "enhance",
    ],
    "priority": "MEDIUM",
    "title": "ad Duis Ut proident deserunt",
  },
  Object {
    "description": "Fugiat qui omnis voluptatibus corrupti tempora rem. Architecto ut ut sunt impedit.",
    "dueDate": "2024-05-04T13:07:09.765Z",
    "id": "c43812e2-9e25-4a55-82ec-b15fac0b33fc",
    "isCompleted": true,
    "labels": Array [
      "strategize",
      "utilize",
      "enhance",
      "mesh",
      "extend",
    ],
    "priority": "MEDIUM",
    "title": "esse",
  },
  Object {
    "description": "Impedit repellendus et repudiandae perferendis voluptatem corporis non. Eos tenetur ut. Possimus vel amet in quod eos quibusdam non dolores molestias. Hic qui odit ut reiciendis ab.",
    "dueDate": "2024-08-29T08:33:51.689Z",
    "id": "41720ccd-001c-4683-ab75-be0d1ad7f639",
    "isCompleted": false,
    "labels": Array [
      "synergize",
      "disintermediate",
      "repurpose",
    ],
    "priority": "LOW",
    "title": "non",
  },
  Object {
    "description": "Rem a et nihil quo dolore quisquam sed. Ullam maxime ratione suscipit sunt ut id. Commodi architecto error soluta consectetur quisquam cum.",
    "dueDate": "2026-01-28T07:17:19.196Z",
    "id": "9cd555e6-6c65-4631-b7ea-54ae47345656",
    "isCompleted": true,
    "labels": Array [
      "transition",
      "drive",
      "revolutionize",
    ],
    "priority": "HIGH",
    "title": "sunt nisi laborum",
  },
  Object {
    "description": "Recusandae iure libero nesciunt vero quos et. Tempore quia cumque accusamus. Occaecati accusamus voluptatem eligendi quisquam saepe.",
    "dueDate": "2024-04-14T21:47:03.334Z",
    "id": "5bfa9895-e312-4d1e-99de-6b03ef3c4d31",
    "isCompleted": true,
    "labels": Array [
      "redefine",
      "evolve",
      "transform",
      "whiteboard",
    ],
    "title": "laboris exercitation aute",
  },
  Object {
    "description": "Ea voluptatum ex culpa libero. Sit qui corporis. Molestiae quae culpa illo modi sint. Laborum ut et sit eveniet in consequatur aut vero.",
    "dueDate": "2028-08-18T21:36:43.246Z",
    "id": "25a417c5-3e19-44b1-8c1c-6e6e1dc59d75",
    "isCompleted": true,
    "labels": Array [
      "whiteboard",
      "transform",
      "visualize",
    ],
    "priority": "MEDIUM",
    "title": "tempor labore ea",
  },
  Object {
    "description": "Debitis voluptates nemo saepe voluptatum sed nesciunt quia. Porro ex et sed tenetur impedit doloremque rerum. Dicta aut aliquam cum.",
    "dueDate": "2029-11-10T19:24:37.190Z",
    "id": "b31fabf6-857d-4a4e-8e00-8b3bf726e526",
    "isCompleted": true,
    "labels": Array [
      "disintermediate",
    ],
    "title": "eiusmod reprehenderit",
  },
  Object {
    "description": "Tempora est excepturi cupiditate fuga eos assumenda. Est quis sit nihil.",
    "dueDate": "2021-11-07T06:40:30.931Z",
    "id": "8b46aa42-5e0a-41a6-b723-3c982ba59983",
    "isCompleted": false,
    "labels": Array [
      "strategize",
      "seize",
      "revolutionize",
      "incubate",
      "drive",
    ],
    "priority": "LOW",
    "title": "incididunt anim",
  },
  Object {
    "description": "Fuga quia qui.",
    "dueDate": "2020-06-21T00:13:19.331Z",
    "id": "dceda8e2-6bd1-44fc-a6ab-bb930cd4c7bf",
    "isCompleted": true,
    "labels": Array [
      "leverage",
      "target",
    ],
    "title": "consequat",
  },
  Object {
    "description": "Sunt est distinctio asperiores. Aliquid ducimus velit. Nostrum nesciunt modi quia sunt et rerum est illo impedit.",
    "dueDate": "2027-09-23T03:34:38.020Z",
    "id": "5b4bbc9b-14d9-4e52-8c46-60604da3ce82",
    "isCompleted": true,
    "labels": Array [
      "reintermediate",
    ],
    "priority": "MEDIUM",
    "title": "exercitation sint ad ut",
  },
]
`;

exports[`search should return task by query 2`] = `
Array [
  Object {
    "description": "Pariatur iusto quis. Amet sequi modi fugit est est qui incidunt odit.",
    "dueDate": "2028-05-19T02:04:58.322Z",
    "id": "5892537c-dfdf-4082-a515-790ee6a1bc41",
    "isCompleted": false,
    "labels": Array [
      "reintermediate",
      "integrate",
      "transform",
      "recontextualize",
    ],
    "priority": "HIGH",
    "title": "Få deg noe kaldt å drikke etter kick-off-foredraget",
  },
  Object {
    "description": "Est dignissimos magnam aut accusamus reiciendis natus. Quia qui itaque officiis numquam eius est aut. Dolores reiciendis quidem ea recusandae debitis mollitia fugiat. Dolor et similique odio dolorem.",
    "dueDate": "2021-11-16T19:04:14.381Z",
    "id": "e62330b7-d598-476b-ac47-d32a7e14a6e7",
    "isCompleted": false,
    "labels": Array [
      "maximize",
      "whiteboard",
      "visualize",
    ],
    "title": "Husk å hold deg til å prate i 10 minutter under kick-offen.",
  },
]
`;
